[2024-02-13 16:11:55,998] INFO in _internal: [31m[1mWARNING: This is a development server. Do not use it in a production deployment. Use a production WSGI server instead.[0m
 * Running on http://127.0.0.1:5000
[2024-02-13 16:11:55,998] INFO in _internal: [33mPress CTRL+C to quit[0m
[2024-02-13 16:11:55,998] INFO in _internal:  * Restarting with stat
[2024-02-13 16:11:56,099] WARNING in _internal:  * Debugger is active!
[2024-02-13 16:11:56,108] INFO in _internal:  * Debugger PIN: 490-297-287
[2024-02-13 16:12:00,981] INFO in _internal: 127.0.0.1 - - [13/Feb/2024 16:12:00] "GET /escort HTTP/1.1" 200 -
[2024-02-13 16:12:01,017] INFO in _internal: 127.0.0.1 - - [13/Feb/2024 16:12:01] "[36mGET /static/img/area.png HTTP/1.1[0m" 304 -
[2024-02-13 16:12:01,018] INFO in _internal: 127.0.0.1 - - [13/Feb/2024 16:12:01] "[36mGET /static/img/logo.png HTTP/1.1[0m" 304 -
[2024-02-13 16:12:01,018] INFO in _internal: 127.0.0.1 - - [13/Feb/2024 16:12:01] "[36mGET /static/css/escort.css HTTP/1.1[0m" 304 -
[2024-02-13 16:12:01,020] INFO in _internal: 127.0.0.1 - - [13/Feb/2024 16:12:01] "[36mGET /static/js/escort.js HTTP/1.1[0m" 304 -
[2024-02-13 16:12:01,047] INFO in _internal: 127.0.0.1 - - [13/Feb/2024 16:12:01] "[36mGET /static/img/1.jpg HTTP/1.1[0m" 304 -
[2024-02-13 16:12:01,048] INFO in _internal: 127.0.0.1 - - [13/Feb/2024 16:12:01] "[36mGET /static/img/2.jpg HTTP/1.1[0m" 304 -
[2024-02-13 16:12:01,050] INFO in _internal: 127.0.0.1 - - [13/Feb/2024 16:12:01] "[36mGET /static/img/3.jpg HTTP/1.1[0m" 304 -
[2024-02-13 16:12:01,050] INFO in _internal: 127.0.0.1 - - [13/Feb/2024 16:12:01] "[36mGET /static/img/4.jpg HTTP/1.1[0m" 304 -
[2024-02-13 16:12:01,053] INFO in _internal: 127.0.0.1 - - [13/Feb/2024 16:12:01] "[36mGET /static/img/19.jpg HTTP/1.1[0m" 304 -
[2024-02-13 16:12:01,055] INFO in _internal: 127.0.0.1 - - [13/Feb/2024 16:12:01] "[36mGET /static/img/21.jpg HTTP/1.1[0m" 304 -
[2024-02-13 16:12:01,056] INFO in _internal: 127.0.0.1 - - [13/Feb/2024 16:12:01] "[36mGET /static/img/20.jpg HTTP/1.1[0m" 304 -
[2024-02-13 16:12:01,057] INFO in _internal: 127.0.0.1 - - [13/Feb/2024 16:12:01] "[33mGET /static/img/23.jpg HTTP/1.1[0m" 404 -
[2024-02-13 16:12:01,059] INFO in _internal: 127.0.0.1 - - [13/Feb/2024 16:12:01] "[36mGET /static/img/22.jpg HTTP/1.1[0m" 304 -
[2024-02-13 16:12:10,655] INFO in _internal: 127.0.0.1 - - [13/Feb/2024 16:12:10] "GET /escort HTTP/1.1" 200 -
[2024-02-13 16:12:10,670] INFO in _internal: 127.0.0.1 - - [13/Feb/2024 16:12:10] "[36mGET /static/css/escort.css HTTP/1.1[0m" 304 -
[2024-02-13 16:12:10,670] INFO in _internal: 127.0.0.1 - - [13/Feb/2024 16:12:10] "[36mGET /static/img/logo.png HTTP/1.1[0m" 304 -
[2024-02-13 16:12:10,672] INFO in _internal: 127.0.0.1 - - [13/Feb/2024 16:12:10] "[36mGET /static/img/area.png HTTP/1.1[0m" 304 -
[2024-02-13 16:12:10,675] INFO in _internal: 127.0.0.1 - - [13/Feb/2024 16:12:10] "[36mGET /static/js/escort.js HTTP/1.1[0m" 304 -
[2024-02-13 16:12:10,710] INFO in _internal: 127.0.0.1 - - [13/Feb/2024 16:12:10] "[36mGET /static/img/2.jpg HTTP/1.1[0m" 304 -
[2024-02-13 16:12:10,710] INFO in _internal: 127.0.0.1 - - [13/Feb/2024 16:12:10] "[36mGET /static/img/1.jpg HTTP/1.1[0m" 304 -
[2024-02-13 16:12:10,713] INFO in _internal: 127.0.0.1 - - [13/Feb/2024 16:12:10] "[36mGET /static/img/4.jpg HTTP/1.1[0m" 304 -
[2024-02-13 16:12:10,714] INFO in _internal: 127.0.0.1 - - [13/Feb/2024 16:12:10] "[36mGET /static/img/3.jpg HTTP/1.1[0m" 304 -
[2024-02-13 16:12:10,715] INFO in _internal: 127.0.0.1 - - [13/Feb/2024 16:12:10] "[36mGET /static/img/20.jpg HTTP/1.1[0m" 304 -
[2024-02-13 16:12:10,717] INFO in _internal: 127.0.0.1 - - [13/Feb/2024 16:12:10] "[36mGET /static/img/19.jpg HTTP/1.1[0m" 304 -
[2024-02-13 16:12:10,718] INFO in _internal: 127.0.0.1 - - [13/Feb/2024 16:12:10] "[36mGET /static/img/21.jpg HTTP/1.1[0m" 304 -
[2024-02-13 16:12:10,719] INFO in _internal: 127.0.0.1 - - [13/Feb/2024 16:12:10] "[36mGET /static/img/22.jpg HTTP/1.1[0m" 304 -
[2024-02-13 16:12:10,720] INFO in _internal: 127.0.0.1 - - [13/Feb/2024 16:12:10] "[33mGET /static/img/23.jpg HTTP/1.1[0m" 404 -
[2024-02-13 16:15:30,134] INFO in _internal: 127.0.0.1 - - [13/Feb/2024 16:15:30] "GET /escort HTTP/1.1" 200 -
[2024-02-13 16:15:30,143] INFO in _internal: 127.0.0.1 - - [13/Feb/2024 16:15:30] "[36mGET /static/css/escort.css HTTP/1.1[0m" 304 -
[2024-02-13 16:15:30,145] INFO in _internal: 127.0.0.1 - - [13/Feb/2024 16:15:30] "[36mGET /static/img/logo.png HTTP/1.1[0m" 304 -
[2024-02-13 16:15:30,145] INFO in _internal: 127.0.0.1 - - [13/Feb/2024 16:15:30] "[36mGET /static/img/area.png HTTP/1.1[0m" 304 -
[2024-02-13 16:15:30,147] INFO in _internal: 127.0.0.1 - - [13/Feb/2024 16:15:30] "[36mGET /static/js/escort.js HTTP/1.1[0m" 304 -
[2024-02-13 16:15:30,175] INFO in _internal: 127.0.0.1 - - [13/Feb/2024 16:15:30] "[36mGET /static/img/3.jpg HTTP/1.1[0m" 304 -
[2024-02-13 16:15:30,176] INFO in _internal: 127.0.0.1 - - [13/Feb/2024 16:15:30] "[36mGET /static/img/1.jpg HTTP/1.1[0m" 304 -
[2024-02-13 16:15:30,177] INFO in _internal: 127.0.0.1 - - [13/Feb/2024 16:15:30] "[36mGET /static/img/2.jpg HTTP/1.1[0m" 304 -
[2024-02-13 16:15:30,178] INFO in _internal: 127.0.0.1 - - [13/Feb/2024 16:15:30] "[36mGET /static/img/4.jpg HTTP/1.1[0m" 304 -
[2024-02-13 16:15:30,180] INFO in _internal: 127.0.0.1 - - [13/Feb/2024 16:15:30] "[36mGET /static/img/19.jpg HTTP/1.1[0m" 304 -
[2024-02-13 16:15:30,183] INFO in _internal: 127.0.0.1 - - [13/Feb/2024 16:15:30] "[36mGET /static/img/20.jpg HTTP/1.1[0m" 304 -
[2024-02-13 16:15:30,184] INFO in _internal: 127.0.0.1 - - [13/Feb/2024 16:15:30] "[36mGET /static/img/21.jpg HTTP/1.1[0m" 304 -
[2024-02-13 16:15:30,185] INFO in _internal: 127.0.0.1 - - [13/Feb/2024 16:15:30] "[36mGET /static/img/22.jpg HTTP/1.1[0m" 304 -
[2024-02-13 16:15:30,186] INFO in _internal: 127.0.0.1 - - [13/Feb/2024 16:15:30] "GET /static/img/23.jpg HTTP/1.1" 200 -
[2024-02-13 16:15:56,942] INFO in _internal: 127.0.0.1 - - [13/Feb/2024 16:15:56] "GET / HTTP/1.1" 200 -
[2024-02-13 16:15:56,956] INFO in _internal: 127.0.0.1 - - [13/Feb/2024 16:15:56] "GET /static/css/templatemo-style.css HTTP/1.1" 200 -
[2024-02-13 16:15:56,958] INFO in _internal: 127.0.0.1 - - [13/Feb/2024 16:15:56] "GET /static/css/index.css HTTP/1.1" 200 -
[2024-02-13 16:15:56,958] INFO in _internal: 127.0.0.1 - - [13/Feb/2024 16:15:56] "[36mGET /static/img/logo.png HTTP/1.1[0m" 304 -
[2024-02-13 16:15:57,227] INFO in _internal: 127.0.0.1 - - [13/Feb/2024 16:15:57] "GET /sensing_data HTTP/1.1" 200 -
[2024-02-13 16:41:58,766] INFO in _internal: 127.0.0.1 - - [13/Feb/2024 16:41:58] "GET /escort HTTP/1.1" 200 -
[2024-02-13 16:41:58,789] INFO in _internal: 127.0.0.1 - - [13/Feb/2024 16:41:58] "GET /static/img/logo.png HTTP/1.1" 200 -
[2024-02-13 16:41:58,789] INFO in _internal: 127.0.0.1 - - [13/Feb/2024 16:41:58] "GET /static/css/escort.css HTTP/1.1" 200 -
[2024-02-13 16:41:58,790] INFO in _internal: 127.0.0.1 - - [13/Feb/2024 16:41:58] "GET /static/img/area.png HTTP/1.1" 200 -
[2024-02-13 16:41:58,793] INFO in _internal: 127.0.0.1 - - [13/Feb/2024 16:41:58] "GET /static/js/escort.js HTTP/1.1" 200 -
[2024-02-13 16:41:59,253] INFO in _internal: 127.0.0.1 - - [13/Feb/2024 16:41:59] "GET /static/img/19.jpg HTTP/1.1" 200 -
[2024-02-13 16:41:59,254] INFO in _internal: 127.0.0.1 - - [13/Feb/2024 16:41:59] "GET /static/img/2.jpg HTTP/1.1" 200 -
[2024-02-13 16:41:59,254] INFO in _internal: 127.0.0.1 - - [13/Feb/2024 16:41:59] "GET /static/img/3.jpg HTTP/1.1" 200 -
[2024-02-13 16:41:59,254] INFO in _internal: 127.0.0.1 - - [13/Feb/2024 16:41:59] "GET /static/img/4.jpg HTTP/1.1" 200 -
[2024-02-13 16:41:59,255] INFO in _internal: 127.0.0.1 - - [13/Feb/2024 16:41:59] "GET /static/img/1.jpg HTTP/1.1" 200 -
[2024-02-13 16:41:59,255] INFO in _internal: 127.0.0.1 - - [13/Feb/2024 16:41:59] "GET /static/img/20.jpg HTTP/1.1" 200 -
[2024-02-13 16:41:59,262] INFO in _internal: 127.0.0.1 - - [13/Feb/2024 16:41:59] "GET /static/img/23.jpg HTTP/1.1" 200 -
[2024-02-13 16:41:59,263] INFO in _internal: 127.0.0.1 - - [13/Feb/2024 16:41:59] "GET /static/img/21.jpg HTTP/1.1" 200 -
[2024-02-13 16:41:59,263] INFO in _internal: 127.0.0.1 - - [13/Feb/2024 16:41:59] "GET /static/img/22.jpg HTTP/1.1" 200 -
[2024-02-13 16:42:09,301] INFO in _internal: 127.0.0.1 - - [13/Feb/2024 16:42:09] "GET /escort HTTP/1.1" 200 -
[2024-02-13 16:42:09,313] INFO in _internal: 127.0.0.1 - - [13/Feb/2024 16:42:09] "[36mGET /static/css/escort.css HTTP/1.1[0m" 304 -
[2024-02-13 16:42:09,314] INFO in _internal: 127.0.0.1 - - [13/Feb/2024 16:42:09] "[36mGET /static/img/logo.png HTTP/1.1[0m" 304 -
[2024-02-13 16:42:09,317] INFO in _internal: 127.0.0.1 - - [13/Feb/2024 16:42:09] "[36mGET /static/img/area.png HTTP/1.1[0m" 304 -
[2024-02-13 16:42:09,318] INFO in _internal: 127.0.0.1 - - [13/Feb/2024 16:42:09] "[36mGET /static/js/escort.js HTTP/1.1[0m" 304 -
[2024-02-13 16:42:10,191] INFO in _internal: 127.0.0.1 - - [13/Feb/2024 16:42:10] "[36mGET /static/img/19.jpg HTTP/1.1[0m" 304 -
[2024-02-13 16:42:10,192] INFO in _internal: 127.0.0.1 - - [13/Feb/2024 16:42:10] "[36mGET /static/img/3.jpg HTTP/1.1[0m" 304 -
[2024-02-13 16:42:10,192] INFO in _internal: 127.0.0.1 - - [13/Feb/2024 16:42:10] "[36mGET /static/img/2.jpg HTTP/1.1[0m" 304 -
[2024-02-13 16:42:10,193] INFO in _internal: 127.0.0.1 - - [13/Feb/2024 16:42:10] "[36mGET /static/img/20.jpg HTTP/1.1[0m" 304 -
[2024-02-13 16:42:10,194] INFO in _internal: 127.0.0.1 - - [13/Feb/2024 16:42:10] "[36mGET /static/img/4.jpg HTTP/1.1[0m" 304 -
[2024-02-13 16:42:10,194] INFO in _internal: 127.0.0.1 - - [13/Feb/2024 16:42:10] "[36mGET /static/img/1.jpg HTTP/1.1[0m" 304 -
[2024-02-13 16:42:10,196] INFO in _internal: 127.0.0.1 - - [13/Feb/2024 16:42:10] "[36mGET /static/img/21.jpg HTTP/1.1[0m" 304 -
[2024-02-13 16:42:10,196] INFO in _internal: 127.0.0.1 - - [13/Feb/2024 16:42:10] "[36mGET /static/img/22.jpg HTTP/1.1[0m" 304 -
[2024-02-13 16:42:10,198] INFO in _internal: 127.0.0.1 - - [13/Feb/2024 16:42:10] "[36mGET /static/img/23.jpg HTTP/1.1[0m" 304 -
[2024-02-13 16:42:13,249] INFO in _internal: 127.0.0.1 - - [13/Feb/2024 16:42:13] "GET / HTTP/1.1" 200 -
[2024-02-13 16:42:13,263] INFO in _internal: 127.0.0.1 - - [13/Feb/2024 16:42:13] "GET /static/css/templatemo-style.css HTTP/1.1" 200 -
[2024-02-13 16:42:13,264] INFO in _internal: 127.0.0.1 - - [13/Feb/2024 16:42:13] "[36mGET /static/img/logo.png HTTP/1.1[0m" 304 -
[2024-02-13 16:42:13,264] INFO in _internal: 127.0.0.1 - - [13/Feb/2024 16:42:13] "GET /static/css/index.css HTTP/1.1" 200 -
[2024-02-13 16:42:13,768] INFO in _internal: 127.0.0.1 - - [13/Feb/2024 16:42:13] "GET /sensing_data HTTP/1.1" 200 -
[2024-02-13 16:42:15,486] INFO in _internal: 127.0.0.1 - - [13/Feb/2024 16:42:15] "GET /escort HTTP/1.1" 200 -
[2024-02-13 16:42:15,499] INFO in _internal: 127.0.0.1 - - [13/Feb/2024 16:42:15] "[36mGET /static/css/escort.css HTTP/1.1[0m" 304 -
[2024-02-13 16:42:15,500] INFO in _internal: 127.0.0.1 - - [13/Feb/2024 16:42:15] "[36mGET /static/img/area.png HTTP/1.1[0m" 304 -
[2024-02-13 16:42:15,500] INFO in _internal: 127.0.0.1 - - [13/Feb/2024 16:42:15] "[36mGET /static/img/logo.png HTTP/1.1[0m" 304 -
[2024-02-13 16:42:15,503] INFO in _internal: 127.0.0.1 - - [13/Feb/2024 16:42:15] "[36mGET /static/js/escort.js HTTP/1.1[0m" 304 -
[2024-02-13 16:42:15,565] INFO in _internal: 127.0.0.1 - - [13/Feb/2024 16:42:15] "[36mGET /static/img/20.jpg HTTP/1.1[0m" 304 -
[2024-02-13 16:42:15,565] INFO in _internal: 127.0.0.1 - - [13/Feb/2024 16:42:15] "[36mGET /static/img/1.jpg HTTP/1.1[0m" 304 -
[2024-02-13 16:42:15,566] INFO in _internal: 127.0.0.1 - - [13/Feb/2024 16:42:15] "[36mGET /static/img/2.jpg HTTP/1.1[0m" 304 -
[2024-02-13 16:42:15,566] INFO in _internal: 127.0.0.1 - - [13/Feb/2024 16:42:15] "[36mGET /static/img/3.jpg HTTP/1.1[0m" 304 -
[2024-02-13 16:42:15,567] INFO in _internal: 127.0.0.1 - - [13/Feb/2024 16:42:15] "[36mGET /static/img/19.jpg HTTP/1.1[0m" 304 -
[2024-02-13 16:42:15,567] INFO in _internal: 127.0.0.1 - - [13/Feb/2024 16:42:15] "[36mGET /static/img/4.jpg HTTP/1.1[0m" 304 -
[2024-02-13 16:42:15,570] INFO in _internal: 127.0.0.1 - - [13/Feb/2024 16:42:15] "[36mGET /static/img/21.jpg HTTP/1.1[0m" 304 -
[2024-02-13 16:42:15,570] INFO in _internal: 127.0.0.1 - - [13/Feb/2024 16:42:15] "[36mGET /static/img/22.jpg HTTP/1.1[0m" 304 -
[2024-02-13 16:42:15,572] INFO in _internal: 127.0.0.1 - - [13/Feb/2024 16:42:15] "[36mGET /static/img/23.jpg HTTP/1.1[0m" 304 -
[2024-02-13 16:42:17,671] INFO in _internal: 127.0.0.1 - - [13/Feb/2024 16:42:17] "GET / HTTP/1.1" 200 -
[2024-02-13 16:42:17,684] INFO in _internal: 127.0.0.1 - - [13/Feb/2024 16:42:17] "[36mGET /static/css/index.css HTTP/1.1[0m" 304 -
[2024-02-13 16:42:17,684] INFO in _internal: 127.0.0.1 - - [13/Feb/2024 16:42:17] "[36mGET /static/css/templatemo-style.css HTTP/1.1[0m" 304 -
[2024-02-13 16:42:17,685] INFO in _internal: 127.0.0.1 - - [13/Feb/2024 16:42:17] "[36mGET /static/img/logo.png HTTP/1.1[0m" 304 -
[2024-02-13 16:42:17,922] INFO in _internal: 127.0.0.1 - - [13/Feb/2024 16:42:17] "GET /sensing_data HTTP/1.1" 200 -
[2024-02-13 16:42:21,235] INFO in _internal: 127.0.0.1 - - [13/Feb/2024 16:42:21] "GET /escort HTTP/1.1" 200 -
[2024-02-13 16:42:21,248] INFO in _internal: 127.0.0.1 - - [13/Feb/2024 16:42:21] "[36mGET /static/css/escort.css HTTP/1.1[0m" 304 -
[2024-02-13 16:42:21,249] INFO in _internal: 127.0.0.1 - - [13/Feb/2024 16:42:21] "[36mGET /static/img/logo.png HTTP/1.1[0m" 304 -
[2024-02-13 16:42:21,250] INFO in _internal: 127.0.0.1 - - [13/Feb/2024 16:42:21] "[36mGET /static/img/area.png HTTP/1.1[0m" 304 -
[2024-02-13 16:42:21,252] INFO in _internal: 127.0.0.1 - - [13/Feb/2024 16:42:21] "[36mGET /static/js/escort.js HTTP/1.1[0m" 304 -
[2024-02-13 16:42:21,559] INFO in _internal: 127.0.0.1 - - [13/Feb/2024 16:42:21] "[36mGET /static/img/20.jpg HTTP/1.1[0m" 304 -
[2024-02-13 16:42:21,560] INFO in _internal: 127.0.0.1 - - [13/Feb/2024 16:42:21] "[36mGET /static/img/2.jpg HTTP/1.1[0m" 304 -
[2024-02-13 16:42:21,560] INFO in _internal: 127.0.0.1 - - [13/Feb/2024 16:42:21] "[36mGET /static/img/1.jpg HTTP/1.1[0m" 304 -
[2024-02-13 16:42:21,560] INFO in _internal: 127.0.0.1 - - [13/Feb/2024 16:42:21] "[36mGET /static/img/19.jpg HTTP/1.1[0m" 304 -
[2024-02-13 16:42:21,561] INFO in _internal: 127.0.0.1 - - [13/Feb/2024 16:42:21] "[36mGET /static/img/4.jpg HTTP/1.1[0m" 304 -
[2024-02-13 16:42:21,561] INFO in _internal: 127.0.0.1 - - [13/Feb/2024 16:42:21] "[36mGET /static/img/3.jpg HTTP/1.1[0m" 304 -
[2024-02-13 16:42:21,566] INFO in _internal: 127.0.0.1 - - [13/Feb/2024 16:42:21] "[36mGET /static/img/22.jpg HTTP/1.1[0m" 304 -
[2024-02-13 16:42:21,566] INFO in _internal: 127.0.0.1 - - [13/Feb/2024 16:42:21] "[36mGET /static/img/21.jpg HTTP/1.1[0m" 304 -
[2024-02-13 16:42:21,567] INFO in _internal: 127.0.0.1 - - [13/Feb/2024 16:42:21] "[36mGET /static/img/23.jpg HTTP/1.1[0m" 304 -
[2024-02-13 16:42:24,755] INFO in _internal: 127.0.0.1 - - [13/Feb/2024 16:42:24] "GET / HTTP/1.1" 200 -
[2024-02-13 16:42:24,769] INFO in _internal: 127.0.0.1 - - [13/Feb/2024 16:42:24] "[36mGET /static/css/index.css HTTP/1.1[0m" 304 -
[2024-02-13 16:42:24,769] INFO in _internal: 127.0.0.1 - - [13/Feb/2024 16:42:24] "[36mGET /static/css/templatemo-style.css HTTP/1.1[0m" 304 -
[2024-02-13 16:42:24,770] INFO in _internal: 127.0.0.1 - - [13/Feb/2024 16:42:24] "[36mGET /static/img/logo.png HTTP/1.1[0m" 304 -
[2024-02-13 16:42:25,119] INFO in _internal: 127.0.0.1 - - [13/Feb/2024 16:42:25] "GET /sensing_data HTTP/1.1" 200 -
[2024-02-13 16:42:37,186] INFO in _internal: 127.0.0.1 - - [13/Feb/2024 16:42:37] "GET /escort HTTP/1.1" 200 -
[2024-02-13 16:42:37,201] INFO in _internal: 127.0.0.1 - - [13/Feb/2024 16:42:37] "[36mGET /static/img/area.png HTTP/1.1[0m" 304 -
[2024-02-13 16:42:37,201] INFO in _internal: 127.0.0.1 - - [13/Feb/2024 16:42:37] "[36mGET /static/img/logo.png HTTP/1.1[0m" 304 -
[2024-02-13 16:42:37,201] INFO in _internal: 127.0.0.1 - - [13/Feb/2024 16:42:37] "[36mGET /static/css/escort.css HTTP/1.1[0m" 304 -
[2024-02-13 16:42:37,205] INFO in _internal: 127.0.0.1 - - [13/Feb/2024 16:42:37] "[36mGET /static/js/escort.js HTTP/1.1[0m" 304 -
[2024-02-13 16:42:38,656] INFO in _internal: 127.0.0.1 - - [13/Feb/2024 16:42:38] "[36mGET /static/img/1.jpg HTTP/1.1[0m" 304 -
[2024-02-13 16:42:38,657] INFO in _internal: 127.0.0.1 - - [13/Feb/2024 16:42:38] "[36mGET /static/img/3.jpg HTTP/1.1[0m" 304 -
[2024-02-13 16:42:38,657] INFO in _internal: 127.0.0.1 - - [13/Feb/2024 16:42:38] "[36mGET /static/img/19.jpg HTTP/1.1[0m" 304 -
[2024-02-13 16:42:38,658] INFO in _internal: 127.0.0.1 - - [13/Feb/2024 16:42:38] "[36mGET /static/img/4.jpg HTTP/1.1[0m" 304 -
[2024-02-13 16:42:38,659] INFO in _internal: 127.0.0.1 - - [13/Feb/2024 16:42:38] "[36mGET /static/img/2.jpg HTTP/1.1[0m" 304 -
[2024-02-13 16:42:38,660] INFO in _internal: 127.0.0.1 - - [13/Feb/2024 16:42:38] "[36mGET /static/img/20.jpg HTTP/1.1[0m" 304 -
[2024-02-13 16:42:38,663] INFO in _internal: 127.0.0.1 - - [13/Feb/2024 16:42:38] "[36mGET /static/img/21.jpg HTTP/1.1[0m" 304 -
[2024-02-13 16:42:38,665] INFO in _internal: 127.0.0.1 - - [13/Feb/2024 16:42:38] "[36mGET /static/img/22.jpg HTTP/1.1[0m" 304 -
[2024-02-13 16:42:38,665] INFO in _internal: 127.0.0.1 - - [13/Feb/2024 16:42:38] "[36mGET /static/img/23.jpg HTTP/1.1[0m" 304 -
[2024-02-13 16:42:39,521] INFO in _internal: 127.0.0.1 - - [13/Feb/2024 16:42:39] "GET / HTTP/1.1" 200 -
[2024-02-13 16:42:39,534] INFO in _internal: 127.0.0.1 - - [13/Feb/2024 16:42:39] "[36mGET /static/css/index.css HTTP/1.1[0m" 304 -
[2024-02-13 16:42:39,535] INFO in _internal: 127.0.0.1 - - [13/Feb/2024 16:42:39] "[36mGET /static/css/templatemo-style.css HTTP/1.1[0m" 304 -
[2024-02-13 16:42:39,536] INFO in _internal: 127.0.0.1 - - [13/Feb/2024 16:42:39] "[36mGET /static/img/logo.png HTTP/1.1[0m" 304 -
[2024-02-13 16:42:39,737] INFO in _internal: 127.0.0.1 - - [13/Feb/2024 16:42:39] "GET /sensing_data HTTP/1.1" 200 -
[2024-02-13 16:42:45,721] INFO in _internal: 127.0.0.1 - - [13/Feb/2024 16:42:45] "GET /index2 HTTP/1.1" 200 -
[2024-02-13 16:42:45,734] INFO in _internal: 127.0.0.1 - - [13/Feb/2024 16:42:45] "[36mGET /static/img/logo.png HTTP/1.1[0m" 304 -
[2024-02-13 16:42:45,734] INFO in _internal: 127.0.0.1 - - [13/Feb/2024 16:42:45] "[36mGET /static/css/index.css HTTP/1.1[0m" 304 -
[2024-02-13 16:42:45,735] INFO in _internal: 127.0.0.1 - - [13/Feb/2024 16:42:45] "[36mGET /static/css/templatemo-style.css HTTP/1.1[0m" 304 -
[2024-02-13 16:42:45,833] INFO in _internal: 127.0.0.1 - - [13/Feb/2024 16:42:45] "GET /sensing_data2 HTTP/1.1" 200 -
[2024-02-13 16:42:46,835] INFO in _internal: 127.0.0.1 - - [13/Feb/2024 16:42:46] "GET / HTTP/1.1" 200 -
[2024-02-13 16:42:46,847] INFO in _internal: 127.0.0.1 - - [13/Feb/2024 16:42:46] "[36mGET /static/css/templatemo-style.css HTTP/1.1[0m" 304 -
[2024-02-13 16:42:46,849] INFO in _internal: 127.0.0.1 - - [13/Feb/2024 16:42:46] "[36mGET /static/css/index.css HTTP/1.1[0m" 304 -
[2024-02-13 16:42:46,849] INFO in _internal: 127.0.0.1 - - [13/Feb/2024 16:42:46] "[36mGET /static/img/logo.png HTTP/1.1[0m" 304 -
[2024-02-13 16:42:47,012] INFO in _internal: 127.0.0.1 - - [13/Feb/2024 16:42:47] "GET /sensing_data HTTP/1.1" 200 -
[2024-02-13 16:42:47,820] INFO in _internal: 127.0.0.1 - - [13/Feb/2024 16:42:47] "GET /index2 HTTP/1.1" 200 -
[2024-02-13 16:42:47,832] INFO in _internal: 127.0.0.1 - - [13/Feb/2024 16:42:47] "[36mGET /static/css/templatemo-style.css HTTP/1.1[0m" 304 -
[2024-02-13 16:42:47,832] INFO in _internal: 127.0.0.1 - - [13/Feb/2024 16:42:47] "[36mGET /static/img/logo.png HTTP/1.1[0m" 304 -
[2024-02-13 16:42:47,833] INFO in _internal: 127.0.0.1 - - [13/Feb/2024 16:42:47] "[36mGET /static/css/index.css HTTP/1.1[0m" 304 -
[2024-02-13 16:42:47,932] INFO in _internal: 127.0.0.1 - - [13/Feb/2024 16:42:47] "GET /sensing_data2 HTTP/1.1" 200 -
[2024-02-13 16:42:50,969] INFO in _internal: 127.0.0.1 - - [13/Feb/2024 16:42:50] "GET / HTTP/1.1" 200 -
[2024-02-13 16:42:50,983] INFO in _internal: 127.0.0.1 - - [13/Feb/2024 16:42:50] "[36mGET /static/css/templatemo-style.css HTTP/1.1[0m" 304 -
[2024-02-13 16:42:50,984] INFO in _internal: 127.0.0.1 - - [13/Feb/2024 16:42:50] "[36mGET /static/img/logo.png HTTP/1.1[0m" 304 -
[2024-02-13 16:42:50,984] INFO in _internal: 127.0.0.1 - - [13/Feb/2024 16:42:50] "[36mGET /static/css/index.css HTTP/1.1[0m" 304 -
[2024-02-13 16:42:52,842] INFO in _internal: 127.0.0.1 - - [13/Feb/2024 16:42:52] "GET /sensing_data HTTP/1.1" 200 -
[2024-02-13 16:42:56,102] INFO in _internal: 127.0.0.1 - - [13/Feb/2024 16:42:56] "GET /index2 HTTP/1.1" 200 -
[2024-02-13 16:42:56,115] INFO in _internal: 127.0.0.1 - - [13/Feb/2024 16:42:56] "[36mGET /static/css/templatemo-style.css HTTP/1.1[0m" 304 -
[2024-02-13 16:42:56,116] INFO in _internal: 127.0.0.1 - - [13/Feb/2024 16:42:56] "[36mGET /static/img/logo.png HTTP/1.1[0m" 304 -
[2024-02-13 16:42:56,116] INFO in _internal: 127.0.0.1 - - [13/Feb/2024 16:42:56] "[36mGET /static/css/index.css HTTP/1.1[0m" 304 -
[2024-02-13 16:42:57,282] INFO in _internal: 127.0.0.1 - - [13/Feb/2024 16:42:57] "GET /sensing_data2 HTTP/1.1" 200 -
[2024-02-13 16:42:59,785] INFO in _internal: 127.0.0.1 - - [13/Feb/2024 16:42:59] "GET / HTTP/1.1" 200 -
[2024-02-13 16:42:59,798] INFO in _internal: 127.0.0.1 - - [13/Feb/2024 16:42:59] "[36mGET /static/css/index.css HTTP/1.1[0m" 304 -
[2024-02-13 16:42:59,799] INFO in _internal: 127.0.0.1 - - [13/Feb/2024 16:42:59] "[36mGET /static/css/templatemo-style.css HTTP/1.1[0m" 304 -
[2024-02-13 16:42:59,800] INFO in _internal: 127.0.0.1 - - [13/Feb/2024 16:42:59] "[36mGET /static/img/logo.png HTTP/1.1[0m" 304 -
[2024-02-13 16:43:02,879] INFO in _internal: 127.0.0.1 - - [13/Feb/2024 16:43:02] "GET /sensing_data HTTP/1.1" 200 -
[2024-02-13 16:43:07,552] INFO in _internal: 127.0.0.1 - - [13/Feb/2024 16:43:07] "GET /index2 HTTP/1.1" 200 -
[2024-02-13 16:43:07,566] INFO in _internal: 127.0.0.1 - - [13/Feb/2024 16:43:07] "[36mGET /static/css/templatemo-style.css HTTP/1.1[0m" 304 -
[2024-02-13 16:43:07,566] INFO in _internal: 127.0.0.1 - - [13/Feb/2024 16:43:07] "[36mGET /static/img/logo.png HTTP/1.1[0m" 304 -
[2024-02-13 16:43:07,567] INFO in _internal: 127.0.0.1 - - [13/Feb/2024 16:43:07] "[36mGET /static/css/index.css HTTP/1.1[0m" 304 -
[2024-02-13 16:43:07,694] INFO in _internal: 127.0.0.1 - - [13/Feb/2024 16:43:07] "GET /sensing_data2 HTTP/1.1" 200 -
[2024-02-13 16:44:30,285] INFO in _internal: 127.0.0.1 - - [13/Feb/2024 16:44:30] "GET / HTTP/1.1" 200 -
[2024-02-13 16:44:30,298] INFO in _internal: 127.0.0.1 - - [13/Feb/2024 16:44:30] "[36mGET /static/css/templatemo-style.css HTTP/1.1[0m" 304 -
[2024-02-13 16:44:30,298] INFO in _internal: 127.0.0.1 - - [13/Feb/2024 16:44:30] "[36mGET /static/css/index.css HTTP/1.1[0m" 304 -
[2024-02-13 16:44:30,299] INFO in _internal: 127.0.0.1 - - [13/Feb/2024 16:44:30] "[36mGET /static/img/logo.png HTTP/1.1[0m" 304 -
[2024-02-13 16:44:30,493] INFO in _internal: 127.0.0.1 - - [13/Feb/2024 16:44:30] "GET /sensing_data HTTP/1.1" 200 -
[2024-02-13 16:44:31,404] INFO in _internal: 127.0.0.1 - - [13/Feb/2024 16:44:31] "GET /index2 HTTP/1.1" 200 -
[2024-02-13 16:44:31,418] INFO in _internal: 127.0.0.1 - - [13/Feb/2024 16:44:31] "[36mGET /static/css/index.css HTTP/1.1[0m" 304 -
[2024-02-13 16:44:31,418] INFO in _internal: 127.0.0.1 - - [13/Feb/2024 16:44:31] "[36mGET /static/css/templatemo-style.css HTTP/1.1[0m" 304 -
[2024-02-13 16:44:31,418] INFO in _internal: 127.0.0.1 - - [13/Feb/2024 16:44:31] "[36mGET /static/img/logo.png HTTP/1.1[0m" 304 -
[2024-02-13 16:44:31,540] INFO in _internal: 127.0.0.1 - - [13/Feb/2024 16:44:31] "GET /sensing_data2 HTTP/1.1" 200 -
[2024-02-13 16:44:35,517] INFO in _internal: 127.0.0.1 - - [13/Feb/2024 16:44:35] "GET / HTTP/1.1" 200 -
[2024-02-13 16:44:35,532] INFO in _internal: 127.0.0.1 - - [13/Feb/2024 16:44:35] "[36mGET /static/css/templatemo-style.css HTTP/1.1[0m" 304 -
[2024-02-13 16:44:35,533] INFO in _internal: 127.0.0.1 - - [13/Feb/2024 16:44:35] "[36mGET /static/img/logo.png HTTP/1.1[0m" 304 -
[2024-02-13 16:44:35,533] INFO in _internal: 127.0.0.1 - - [13/Feb/2024 16:44:35] "[36mGET /static/css/index.css HTTP/1.1[0m" 304 -
[2024-02-13 16:44:35,739] INFO in _internal: 127.0.0.1 - - [13/Feb/2024 16:44:35] "GET /sensing_data HTTP/1.1" 200 -
[2024-02-13 16:44:38,869] INFO in _internal: 127.0.0.1 - - [13/Feb/2024 16:44:38] "GET /index2 HTTP/1.1" 200 -
[2024-02-13 16:44:38,883] INFO in _internal: 127.0.0.1 - - [13/Feb/2024 16:44:38] "[36mGET /static/css/index.css HTTP/1.1[0m" 304 -
[2024-02-13 16:44:38,883] INFO in _internal: 127.0.0.1 - - [13/Feb/2024 16:44:38] "[36mGET /static/css/templatemo-style.css HTTP/1.1[0m" 304 -
[2024-02-13 16:44:38,883] INFO in _internal: 127.0.0.1 - - [13/Feb/2024 16:44:38] "[36mGET /static/img/logo.png HTTP/1.1[0m" 304 -
[2024-02-13 16:44:39,020] INFO in _internal: 127.0.0.1 - - [13/Feb/2024 16:44:39] "GET /sensing_data2 HTTP/1.1" 200 -
[2024-02-13 16:47:09,702] INFO in _internal: 127.0.0.1 - - [13/Feb/2024 16:47:09] "GET / HTTP/1.1" 200 -
[2024-02-13 16:47:09,716] INFO in _internal: 127.0.0.1 - - [13/Feb/2024 16:47:09] "[36mGET /static/css/templatemo-style.css HTTP/1.1[0m" 304 -
[2024-02-13 16:47:09,716] INFO in _internal: 127.0.0.1 - - [13/Feb/2024 16:47:09] "[36mGET /static/img/logo.png HTTP/1.1[0m" 304 -
[2024-02-13 16:47:09,717] INFO in _internal: 127.0.0.1 - - [13/Feb/2024 16:47:09] "[36mGET /static/css/index.css HTTP/1.1[0m" 304 -
[2024-02-13 16:47:09,910] INFO in _internal: 127.0.0.1 - - [13/Feb/2024 16:47:09] "GET /sensing_data HTTP/1.1" 200 -
[2024-02-13 16:47:11,102] INFO in _internal: 127.0.0.1 - - [13/Feb/2024 16:47:11] "GET /index2 HTTP/1.1" 200 -
[2024-02-13 16:47:11,115] INFO in _internal: 127.0.0.1 - - [13/Feb/2024 16:47:11] "[36mGET /static/css/index.css HTTP/1.1[0m" 304 -
[2024-02-13 16:47:11,115] INFO in _internal: 127.0.0.1 - - [13/Feb/2024 16:47:11] "[36mGET /static/css/templatemo-style.css HTTP/1.1[0m" 304 -
[2024-02-13 16:47:11,116] INFO in _internal: 127.0.0.1 - - [13/Feb/2024 16:47:11] "[36mGET /static/img/logo.png HTTP/1.1[0m" 304 -
[2024-02-13 16:47:11,238] INFO in _internal: 127.0.0.1 - - [13/Feb/2024 16:47:11] "GET /sensing_data2 HTTP/1.1" 200 -
[2024-02-13 16:47:17,850] INFO in _internal: 127.0.0.1 - - [13/Feb/2024 16:47:17] "GET / HTTP/1.1" 200 -
[2024-02-13 16:47:17,863] INFO in _internal: 127.0.0.1 - - [13/Feb/2024 16:47:17] "[36mGET /static/css/index.css HTTP/1.1[0m" 304 -
[2024-02-13 16:47:17,864] INFO in _internal: 127.0.0.1 - - [13/Feb/2024 16:47:17] "[36mGET /static/css/templatemo-style.css HTTP/1.1[0m" 304 -
[2024-02-13 16:47:17,865] INFO in _internal: 127.0.0.1 - - [13/Feb/2024 16:47:17] "[36mGET /static/img/logo.png HTTP/1.1[0m" 304 -
[2024-02-13 16:47:18,084] INFO in _internal: 127.0.0.1 - - [13/Feb/2024 16:47:18] "GET /sensing_data HTTP/1.1" 200 -
[2024-02-13 16:48:06,352] INFO in _internal: 127.0.0.1 - - [13/Feb/2024 16:48:06] "GET / HTTP/1.1" 200 -
[2024-02-13 16:48:06,365] INFO in _internal: 127.0.0.1 - - [13/Feb/2024 16:48:06] "[36mGET /static/css/index.css HTTP/1.1[0m" 304 -
[2024-02-13 16:48:06,366] INFO in _internal: 127.0.0.1 - - [13/Feb/2024 16:48:06] "[36mGET /static/css/templatemo-style.css HTTP/1.1[0m" 304 -
[2024-02-13 16:48:06,367] INFO in _internal: 127.0.0.1 - - [13/Feb/2024 16:48:06] "[36mGET /static/img/logo.png HTTP/1.1[0m" 304 -
[2024-02-13 16:48:06,561] INFO in _internal: 127.0.0.1 - - [13/Feb/2024 16:48:06] "GET /sensing_data HTTP/1.1" 200 -
[2024-02-13 16:48:08,252] INFO in _internal: 127.0.0.1 - - [13/Feb/2024 16:48:08] "GET /index2 HTTP/1.1" 200 -
[2024-02-13 16:48:08,265] INFO in _internal: 127.0.0.1 - - [13/Feb/2024 16:48:08] "[36mGET /static/css/index.css HTTP/1.1[0m" 304 -
[2024-02-13 16:48:08,266] INFO in _internal: 127.0.0.1 - - [13/Feb/2024 16:48:08] "[36mGET /static/css/templatemo-style.css HTTP/1.1[0m" 304 -
[2024-02-13 16:48:08,266] INFO in _internal: 127.0.0.1 - - [13/Feb/2024 16:48:08] "[36mGET /static/img/logo.png HTTP/1.1[0m" 304 -
[2024-02-13 16:48:08,398] INFO in _internal: 127.0.0.1 - - [13/Feb/2024 16:48:08] "GET /sensing_data2 HTTP/1.1" 200 -
[2024-02-13 16:48:18,292] INFO in _internal: 127.0.0.1 - - [13/Feb/2024 16:48:18] "GET /index2 HTTP/1.1" 200 -
[2024-02-13 16:48:18,300] INFO in _internal: 127.0.0.1 - - [13/Feb/2024 16:48:18] "[36mGET /static/css/templatemo-style.css HTTP/1.1[0m" 304 -
[2024-02-13 16:48:18,300] INFO in _internal: 127.0.0.1 - - [13/Feb/2024 16:48:18] "[36mGET /static/css/index.css HTTP/1.1[0m" 304 -
[2024-02-13 16:48:18,301] INFO in _internal: 127.0.0.1 - - [13/Feb/2024 16:48:18] "[36mGET /static/img/logo.png HTTP/1.1[0m" 304 -
[2024-02-13 16:48:18,434] INFO in _internal: 127.0.0.1 - - [13/Feb/2024 16:48:18] "GET /sensing_data2 HTTP/1.1" 200 -
[2024-02-13 16:48:18,986] INFO in _internal: 127.0.0.1 - - [13/Feb/2024 16:48:18] "GET / HTTP/1.1" 200 -
[2024-02-13 16:48:18,999] INFO in _internal: 127.0.0.1 - - [13/Feb/2024 16:48:18] "[36mGET /static/css/templatemo-style.css HTTP/1.1[0m" 304 -
[2024-02-13 16:48:18,999] INFO in _internal: 127.0.0.1 - - [13/Feb/2024 16:48:18] "[36mGET /static/css/index.css HTTP/1.1[0m" 304 -
[2024-02-13 16:48:19,000] INFO in _internal: 127.0.0.1 - - [13/Feb/2024 16:48:19] "[36mGET /static/img/logo.png HTTP/1.1[0m" 304 -
[2024-02-13 16:48:19,198] INFO in _internal: 127.0.0.1 - - [13/Feb/2024 16:48:19] "GET /sensing_data HTTP/1.1" 200 -
[2024-02-13 16:48:20,097] INFO in _internal: 127.0.0.1 - - [13/Feb/2024 16:48:20] "GET /index2 HTTP/1.1" 200 -
[2024-02-13 16:48:20,111] INFO in _internal: 127.0.0.1 - - [13/Feb/2024 16:48:20] "[36mGET /static/css/index.css HTTP/1.1[0m" 304 -
[2024-02-13 16:48:20,112] INFO in _internal: 127.0.0.1 - - [13/Feb/2024 16:48:20] "[36mGET /static/img/logo.png HTTP/1.1[0m" 304 -
[2024-02-13 16:48:20,113] INFO in _internal: 127.0.0.1 - - [13/Feb/2024 16:48:20] "[36mGET /static/css/templatemo-style.css HTTP/1.1[0m" 304 -
[2024-02-13 16:48:20,233] INFO in _internal: 127.0.0.1 - - [13/Feb/2024 16:48:20] "GET /sensing_data2 HTTP/1.1" 200 -
[2024-02-13 16:48:21,880] INFO in _internal: 127.0.0.1 - - [13/Feb/2024 16:48:21] "GET / HTTP/1.1" 200 -
[2024-02-13 16:48:21,894] INFO in _internal: 127.0.0.1 - - [13/Feb/2024 16:48:21] "[36mGET /static/css/templatemo-style.css HTTP/1.1[0m" 304 -
[2024-02-13 16:48:21,894] INFO in _internal: 127.0.0.1 - - [13/Feb/2024 16:48:21] "[36mGET /static/img/logo.png HTTP/1.1[0m" 304 -
[2024-02-13 16:48:21,895] INFO in _internal: 127.0.0.1 - - [13/Feb/2024 16:48:21] "[36mGET /static/css/index.css HTTP/1.1[0m" 304 -
[2024-02-13 16:48:22,095] INFO in _internal: 127.0.0.1 - - [13/Feb/2024 16:48:22] "GET /sensing_data HTTP/1.1" 200 -
[2024-02-13 16:48:24,782] INFO in _internal: 127.0.0.1 - - [13/Feb/2024 16:48:24] "GET /index2 HTTP/1.1" 200 -
[2024-02-13 16:48:24,796] INFO in _internal: 127.0.0.1 - - [13/Feb/2024 16:48:24] "[36mGET /static/css/templatemo-style.css HTTP/1.1[0m" 304 -
[2024-02-13 16:48:24,796] INFO in _internal: 127.0.0.1 - - [13/Feb/2024 16:48:24] "[36mGET /static/css/index.css HTTP/1.1[0m" 304 -
[2024-02-13 16:48:24,797] INFO in _internal: 127.0.0.1 - - [13/Feb/2024 16:48:24] "[36mGET /static/img/logo.png HTTP/1.1[0m" 304 -
[2024-02-13 16:48:24,926] INFO in _internal: 127.0.0.1 - - [13/Feb/2024 16:48:24] "GET /sensing_data2 HTTP/1.1" 200 -
[2024-02-13 16:49:13,548] INFO in _internal: 127.0.0.1 - - [13/Feb/2024 16:49:13] "GET / HTTP/1.1" 200 -
[2024-02-13 16:49:13,562] INFO in _internal: 127.0.0.1 - - [13/Feb/2024 16:49:13] "[36mGET /static/css/templatemo-style.css HTTP/1.1[0m" 304 -
[2024-02-13 16:49:13,562] INFO in _internal: 127.0.0.1 - - [13/Feb/2024 16:49:13] "[36mGET /static/css/index.css HTTP/1.1[0m" 304 -
[2024-02-13 16:49:13,563] INFO in _internal: 127.0.0.1 - - [13/Feb/2024 16:49:13] "[36mGET /static/img/logo.png HTTP/1.1[0m" 304 -
[2024-02-13 16:49:13,764] INFO in _internal: 127.0.0.1 - - [13/Feb/2024 16:49:13] "GET /sensing_data HTTP/1.1" 200 -
[2024-02-13 16:49:14,763] INFO in _internal: 127.0.0.1 - - [13/Feb/2024 16:49:14] "GET /index2 HTTP/1.1" 200 -
[2024-02-13 16:49:14,776] INFO in _internal: 127.0.0.1 - - [13/Feb/2024 16:49:14] "[36mGET /static/css/templatemo-style.css HTTP/1.1[0m" 304 -
[2024-02-13 16:49:14,778] INFO in _internal: 127.0.0.1 - - [13/Feb/2024 16:49:14] "[36mGET /static/css/index.css HTTP/1.1[0m" 304 -
[2024-02-13 16:49:14,778] INFO in _internal: 127.0.0.1 - - [13/Feb/2024 16:49:14] "[36mGET /static/img/logo.png HTTP/1.1[0m" 304 -
[2024-02-13 16:49:14,891] INFO in _internal: 127.0.0.1 - - [13/Feb/2024 16:49:14] "GET /sensing_data2 HTTP/1.1" 200 -
[2024-02-13 16:49:16,647] INFO in _internal: 127.0.0.1 - - [13/Feb/2024 16:49:16] "GET / HTTP/1.1" 200 -
[2024-02-13 16:49:16,662] INFO in _internal: 127.0.0.1 - - [13/Feb/2024 16:49:16] "[36mGET /static/css/templatemo-style.css HTTP/1.1[0m" 304 -
[2024-02-13 16:49:16,662] INFO in _internal: 127.0.0.1 - - [13/Feb/2024 16:49:16] "[36mGET /static/css/index.css HTTP/1.1[0m" 304 -
[2024-02-13 16:49:16,662] INFO in _internal: 127.0.0.1 - - [13/Feb/2024 16:49:16] "[36mGET /static/img/logo.png HTTP/1.1[0m" 304 -
[2024-02-13 16:49:16,848] INFO in _internal: 127.0.0.1 - - [13/Feb/2024 16:49:16] "GET /sensing_data HTTP/1.1" 200 -
[2024-02-13 16:49:17,365] INFO in _internal: 127.0.0.1 - - [13/Feb/2024 16:49:17] "GET /index2 HTTP/1.1" 200 -
[2024-02-13 16:49:17,378] INFO in _internal: 127.0.0.1 - - [13/Feb/2024 16:49:17] "[36mGET /static/css/index.css HTTP/1.1[0m" 304 -
[2024-02-13 16:49:17,379] INFO in _internal: 127.0.0.1 - - [13/Feb/2024 16:49:17] "[36mGET /static/css/templatemo-style.css HTTP/1.1[0m" 304 -
[2024-02-13 16:49:17,380] INFO in _internal: 127.0.0.1 - - [13/Feb/2024 16:49:17] "[36mGET /static/img/logo.png HTTP/1.1[0m" 304 -
[2024-02-13 16:49:17,506] INFO in _internal: 127.0.0.1 - - [13/Feb/2024 16:49:17] "GET /sensing_data2 HTTP/1.1" 200 -
[2024-02-13 17:18:14,835] INFO in _internal: 127.0.0.1 - - [13/Feb/2024 17:18:14] "GET /escort HTTP/1.1" 200 -
[2024-02-13 17:18:14,849] INFO in _internal: 127.0.0.1 - - [13/Feb/2024 17:18:14] "GET /static/css/escort.css HTTP/1.1" 200 -
[2024-02-13 17:18:14,849] INFO in _internal: 127.0.0.1 - - [13/Feb/2024 17:18:14] "GET /static/img/area.png HTTP/1.1" 200 -
[2024-02-13 17:18:14,849] INFO in _internal: 127.0.0.1 - - [13/Feb/2024 17:18:14] "[36mGET /static/img/logo.png HTTP/1.1[0m" 304 -
[2024-02-13 17:18:14,853] INFO in _internal: 127.0.0.1 - - [13/Feb/2024 17:18:14] "GET /static/js/escort.js HTTP/1.1" 200 -
[2024-02-13 17:18:15,119] INFO in _internal: 127.0.0.1 - - [13/Feb/2024 17:18:15] "GET /static/img/2.jpg HTTP/1.1" 200 -
[2024-02-13 17:18:15,119] INFO in _internal: 127.0.0.1 - - [13/Feb/2024 17:18:15] "GET /static/img/1.jpg HTTP/1.1" 200 -
[2024-02-13 17:18:15,119] INFO in _internal: 127.0.0.1 - - [13/Feb/2024 17:18:15] "GET /static/img/3.jpg HTTP/1.1" 200 -
[2024-02-13 17:18:15,121] INFO in _internal: 127.0.0.1 - - [13/Feb/2024 17:18:15] "GET /static/img/4.jpg HTTP/1.1" 200 -
[2024-02-13 17:18:15,122] INFO in _internal: 127.0.0.1 - - [13/Feb/2024 17:18:15] "GET /static/img/20.jpg HTTP/1.1" 200 -
[2024-02-13 17:18:15,123] INFO in _internal: 127.0.0.1 - - [13/Feb/2024 17:18:15] "GET /static/img/19.jpg HTTP/1.1" 200 -
[2024-02-13 17:18:15,131] INFO in _internal: 127.0.0.1 - - [13/Feb/2024 17:18:15] "GET /static/img/21.jpg HTTP/1.1" 200 -
[2024-02-13 17:18:15,132] INFO in _internal: 127.0.0.1 - - [13/Feb/2024 17:18:15] "GET /static/img/22.jpg HTTP/1.1" 200 -
[2024-02-13 17:18:15,133] INFO in _internal: 127.0.0.1 - - [13/Feb/2024 17:18:15] "GET /static/img/23.jpg HTTP/1.1" 200 -
[2024-02-13 17:18:18,332] INFO in _internal: 127.0.0.1 - - [13/Feb/2024 17:18:18] "GET / HTTP/1.1" 200 -
[2024-02-13 17:18:18,346] INFO in _internal: 127.0.0.1 - - [13/Feb/2024 17:18:18] "[36mGET /static/css/templatemo-style.css HTTP/1.1[0m" 304 -
[2024-02-13 17:18:18,346] INFO in _internal: 127.0.0.1 - - [13/Feb/2024 17:18:18] "[36mGET /static/img/logo.png HTTP/1.1[0m" 304 -
[2024-02-13 17:18:18,347] INFO in _internal: 127.0.0.1 - - [13/Feb/2024 17:18:18] "[36mGET /static/css/index.css HTTP/1.1[0m" 304 -
[2024-02-13 17:18:18,585] INFO in _internal: 127.0.0.1 - - [13/Feb/2024 17:18:18] "GET /sensing_data HTTP/1.1" 200 -
[2024-02-13 17:18:19,698] INFO in _internal: 127.0.0.1 - - [13/Feb/2024 17:18:19] "GET /escort HTTP/1.1" 200 -
[2024-02-13 17:18:19,711] INFO in _internal: 127.0.0.1 - - [13/Feb/2024 17:18:19] "[36mGET /static/css/escort.css HTTP/1.1[0m" 304 -
[2024-02-13 17:18:19,716] INFO in _internal: 127.0.0.1 - - [13/Feb/2024 17:18:19] "[36mGET /static/img/logo.png HTTP/1.1[0m" 304 -
[2024-02-13 17:18:19,721] INFO in _internal: 127.0.0.1 - - [13/Feb/2024 17:18:19] "[36mGET /static/img/area.png HTTP/1.1[0m" 304 -
[2024-02-13 17:18:19,724] INFO in _internal: 127.0.0.1 - - [13/Feb/2024 17:18:19] "[36mGET /static/js/escort.js HTTP/1.1[0m" 304 -
[2024-02-13 17:18:19,754] INFO in _internal: 127.0.0.1 - - [13/Feb/2024 17:18:19] "[36mGET /static/img/3.jpg HTTP/1.1[0m" 304 -
[2024-02-13 17:18:19,754] INFO in _internal: 127.0.0.1 - - [13/Feb/2024 17:18:19] "[36mGET /static/img/2.jpg HTTP/1.1[0m" 304 -
[2024-02-13 17:18:19,755] INFO in _internal: 127.0.0.1 - - [13/Feb/2024 17:18:19] "[36mGET /static/img/4.jpg HTTP/1.1[0m" 304 -
[2024-02-13 17:18:19,756] INFO in _internal: 127.0.0.1 - - [13/Feb/2024 17:18:19] "[36mGET /static/img/20.jpg HTTP/1.1[0m" 304 -
[2024-02-13 17:18:19,756] INFO in _internal: 127.0.0.1 - - [13/Feb/2024 17:18:19] "[36mGET /static/img/19.jpg HTTP/1.1[0m" 304 -
[2024-02-13 17:18:19,757] INFO in _internal: 127.0.0.1 - - [13/Feb/2024 17:18:19] "[36mGET /static/img/1.jpg HTTP/1.1[0m" 304 -
[2024-02-13 17:18:19,759] INFO in _internal: 127.0.0.1 - - [13/Feb/2024 17:18:19] "[36mGET /static/img/21.jpg HTTP/1.1[0m" 304 -
[2024-02-13 17:18:19,761] INFO in _internal: 127.0.0.1 - - [13/Feb/2024 17:18:19] "[36mGET /static/img/22.jpg HTTP/1.1[0m" 304 -
[2024-02-13 17:18:19,762] INFO in _internal: 127.0.0.1 - - [13/Feb/2024 17:18:19] "[36mGET /static/img/23.jpg HTTP/1.1[0m" 304 -
[2024-02-13 17:18:27,098] INFO in _internal: 127.0.0.1 - - [13/Feb/2024 17:18:27] "GET /escort HTTP/1.1" 200 -
[2024-02-13 17:18:27,111] INFO in _internal: 127.0.0.1 - - [13/Feb/2024 17:18:27] "[36mGET /static/img/logo.png HTTP/1.1[0m" 304 -
[2024-02-13 17:18:27,111] INFO in _internal: 127.0.0.1 - - [13/Feb/2024 17:18:27] "[36mGET /static/css/escort.css HTTP/1.1[0m" 304 -
[2024-02-13 17:18:27,112] INFO in _internal: 127.0.0.1 - - [13/Feb/2024 17:18:27] "[36mGET /static/img/area.png HTTP/1.1[0m" 304 -
[2024-02-13 17:18:27,115] INFO in _internal: 127.0.0.1 - - [13/Feb/2024 17:18:27] "GET /static/js/escort.js HTTP/1.1" 200 -
[2024-02-13 17:18:27,143] INFO in _internal: 127.0.0.1 - - [13/Feb/2024 17:18:27] "[36mGET /static/img/1.jpg HTTP/1.1[0m" 304 -
[2024-02-13 17:18:27,143] INFO in _internal: 127.0.0.1 - - [13/Feb/2024 17:18:27] "[36mGET /static/img/3.jpg HTTP/1.1[0m" 304 -
[2024-02-13 17:18:27,143] INFO in _internal: 127.0.0.1 - - [13/Feb/2024 17:18:27] "[36mGET /static/img/2.jpg HTTP/1.1[0m" 304 -
[2024-02-13 17:18:27,144] INFO in _internal: 127.0.0.1 - - [13/Feb/2024 17:18:27] "[36mGET /static/img/19.jpg HTTP/1.1[0m" 304 -
[2024-02-13 17:18:27,145] INFO in _internal: 127.0.0.1 - - [13/Feb/2024 17:18:27] "[36mGET /static/img/20.jpg HTTP/1.1[0m" 304 -
[2024-02-13 17:18:27,145] INFO in _internal: 127.0.0.1 - - [13/Feb/2024 17:18:27] "[36mGET /static/img/4.jpg HTTP/1.1[0m" 304 -
[2024-02-13 17:18:27,146] INFO in _internal: 127.0.0.1 - - [13/Feb/2024 17:18:27] "[36mGET /static/img/21.jpg HTTP/1.1[0m" 304 -
[2024-02-13 17:18:27,148] INFO in _internal: 127.0.0.1 - - [13/Feb/2024 17:18:27] "[36mGET /static/img/22.jpg HTTP/1.1[0m" 304 -
[2024-02-13 17:18:27,150] INFO in _internal: 127.0.0.1 - - [13/Feb/2024 17:18:27] "[36mGET /static/img/23.jpg HTTP/1.1[0m" 304 -
[2024-02-13 17:18:34,125] INFO in _internal: 127.0.0.1 - - [13/Feb/2024 17:18:34] "GET /escort HTTP/1.1" 200 -
[2024-02-13 17:18:34,133] INFO in _internal: 127.0.0.1 - - [13/Feb/2024 17:18:34] "[36mGET /static/img/logo.png HTTP/1.1[0m" 304 -
[2024-02-13 17:18:34,133] INFO in _internal: 127.0.0.1 - - [13/Feb/2024 17:18:34] "[36mGET /static/img/area.png HTTP/1.1[0m" 304 -
[2024-02-13 17:18:34,133] INFO in _internal: 127.0.0.1 - - [13/Feb/2024 17:18:34] "[36mGET /static/css/escort.css HTTP/1.1[0m" 304 -
[2024-02-13 17:18:34,135] INFO in _internal: 127.0.0.1 - - [13/Feb/2024 17:18:34] "GET /static/js/escort.js HTTP/1.1" 200 -
[2024-02-13 17:18:34,177] INFO in _internal: 127.0.0.1 - - [13/Feb/2024 17:18:34] "[36mGET /static/img/4.jpg HTTP/1.1[0m" 304 -
[2024-02-13 17:18:34,178] INFO in _internal: 127.0.0.1 - - [13/Feb/2024 17:18:34] "[36mGET /static/img/19.jpg HTTP/1.1[0m" 304 -
[2024-02-13 17:18:34,178] INFO in _internal: 127.0.0.1 - - [13/Feb/2024 17:18:34] "[36mGET /static/img/3.jpg HTTP/1.1[0m" 304 -
[2024-02-13 17:18:34,178] INFO in _internal: 127.0.0.1 - - [13/Feb/2024 17:18:34] "[36mGET /static/img/1.jpg HTTP/1.1[0m" 304 -
[2024-02-13 17:18:34,179] INFO in _internal: 127.0.0.1 - - [13/Feb/2024 17:18:34] "[36mGET /static/img/2.jpg HTTP/1.1[0m" 304 -
[2024-02-13 17:18:34,181] INFO in _internal: 127.0.0.1 - - [13/Feb/2024 17:18:34] "[36mGET /static/img/20.jpg HTTP/1.1[0m" 304 -
[2024-02-13 17:18:34,182] INFO in _internal: 127.0.0.1 - - [13/Feb/2024 17:18:34] "[36mGET /static/img/21.jpg HTTP/1.1[0m" 304 -
[2024-02-13 17:18:34,182] INFO in _internal: 127.0.0.1 - - [13/Feb/2024 17:18:34] "[36mGET /static/img/22.jpg HTTP/1.1[0m" 304 -
[2024-02-13 17:18:34,183] INFO in _internal: 127.0.0.1 - - [13/Feb/2024 17:18:34] "[36mGET /static/img/23.jpg HTTP/1.1[0m" 304 -
[2024-02-13 17:18:34,785] INFO in _internal: 127.0.0.1 - - [13/Feb/2024 17:18:34] "GET /escort HTTP/1.1" 200 -
[2024-02-13 17:18:34,799] INFO in _internal: 127.0.0.1 - - [13/Feb/2024 17:18:34] "[36mGET /static/img/logo.png HTTP/1.1[0m" 304 -
[2024-02-13 17:18:34,800] INFO in _internal: 127.0.0.1 - - [13/Feb/2024 17:18:34] "[36mGET /static/css/escort.css HTTP/1.1[0m" 304 -
[2024-02-13 17:18:34,800] INFO in _internal: 127.0.0.1 - - [13/Feb/2024 17:18:34] "[36mGET /static/img/area.png HTTP/1.1[0m" 304 -
[2024-02-13 17:18:34,803] INFO in _internal: 127.0.0.1 - - [13/Feb/2024 17:18:34] "[36mGET /static/js/escort.js HTTP/1.1[0m" 304 -
[2024-02-13 17:18:34,841] INFO in _internal: 127.0.0.1 - - [13/Feb/2024 17:18:34] "[36mGET /static/img/2.jpg HTTP/1.1[0m" 304 -
[2024-02-13 17:18:34,843] INFO in _internal: 127.0.0.1 - - [13/Feb/2024 17:18:34] "[36mGET /static/img/3.jpg HTTP/1.1[0m" 304 -
[2024-02-13 17:18:34,845] INFO in _internal: 127.0.0.1 - - [13/Feb/2024 17:18:34] "[36mGET /static/img/4.jpg HTTP/1.1[0m" 304 -
[2024-02-13 17:18:34,846] INFO in _internal: 127.0.0.1 - - [13/Feb/2024 17:18:34] "[36mGET /static/img/1.jpg HTTP/1.1[0m" 304 -
[2024-02-13 17:18:34,846] INFO in _internal: 127.0.0.1 - - [13/Feb/2024 17:18:34] "[36mGET /static/img/20.jpg HTTP/1.1[0m" 304 -
[2024-02-13 17:18:34,847] INFO in _internal: 127.0.0.1 - - [13/Feb/2024 17:18:34] "[36mGET /static/img/19.jpg HTTP/1.1[0m" 304 -
[2024-02-13 17:18:34,848] INFO in _internal: 127.0.0.1 - - [13/Feb/2024 17:18:34] "[36mGET /static/img/21.jpg HTTP/1.1[0m" 304 -
[2024-02-13 17:18:34,850] INFO in _internal: 127.0.0.1 - - [13/Feb/2024 17:18:34] "[36mGET /static/img/22.jpg HTTP/1.1[0m" 304 -
[2024-02-13 17:18:34,851] INFO in _internal: 127.0.0.1 - - [13/Feb/2024 17:18:34] "[36mGET /static/img/23.jpg HTTP/1.1[0m" 304 -
[2024-02-13 17:18:41,940] INFO in _internal: 127.0.0.1 - - [13/Feb/2024 17:18:41] "GET /escort HTTP/1.1" 200 -
[2024-02-13 17:18:41,947] INFO in _internal: 127.0.0.1 - - [13/Feb/2024 17:18:41] "[36mGET /static/css/escort.css HTTP/1.1[0m" 304 -
[2024-02-13 17:18:41,947] INFO in _internal: 127.0.0.1 - - [13/Feb/2024 17:18:41] "[36mGET /static/img/logo.png HTTP/1.1[0m" 304 -
[2024-02-13 17:18:41,947] INFO in _internal: 127.0.0.1 - - [13/Feb/2024 17:18:41] "[36mGET /static/img/area.png HTTP/1.1[0m" 304 -
[2024-02-13 17:18:41,949] INFO in _internal: 127.0.0.1 - - [13/Feb/2024 17:18:41] "GET /static/js/escort.js HTTP/1.1" 200 -
[2024-02-13 17:18:41,989] INFO in _internal: 127.0.0.1 - - [13/Feb/2024 17:18:41] "[36mGET /static/img/2.jpg HTTP/1.1[0m" 304 -
[2024-02-13 17:18:41,989] INFO in _internal: 127.0.0.1 - - [13/Feb/2024 17:18:41] "[36mGET /static/img/3.jpg HTTP/1.1[0m" 304 -
[2024-02-13 17:18:41,990] INFO in _internal: 127.0.0.1 - - [13/Feb/2024 17:18:41] "[36mGET /static/img/4.jpg HTTP/1.1[0m" 304 -
[2024-02-13 17:18:41,990] INFO in _internal: 127.0.0.1 - - [13/Feb/2024 17:18:41] "[36mGET /static/img/1.jpg HTTP/1.1[0m" 304 -
[2024-02-13 17:18:41,991] INFO in _internal: 127.0.0.1 - - [13/Feb/2024 17:18:41] "[36mGET /static/img/19.jpg HTTP/1.1[0m" 304 -
[2024-02-13 17:18:41,991] INFO in _internal: 127.0.0.1 - - [13/Feb/2024 17:18:41] "[36mGET /static/img/20.jpg HTTP/1.1[0m" 304 -
[2024-02-13 17:18:41,994] INFO in _internal: 127.0.0.1 - - [13/Feb/2024 17:18:41] "[36mGET /static/img/21.jpg HTTP/1.1[0m" 304 -
[2024-02-13 17:18:41,994] INFO in _internal: 127.0.0.1 - - [13/Feb/2024 17:18:41] "[36mGET /static/img/22.jpg HTTP/1.1[0m" 304 -
[2024-02-13 17:18:41,995] INFO in _internal: 127.0.0.1 - - [13/Feb/2024 17:18:41] "[36mGET /static/img/23.jpg HTTP/1.1[0m" 304 -
[2024-02-13 17:18:43,332] INFO in _internal: 127.0.0.1 - - [13/Feb/2024 17:18:43] "GET /escort HTTP/1.1" 200 -
[2024-02-13 17:18:43,346] INFO in _internal: 127.0.0.1 - - [13/Feb/2024 17:18:43] "[36mGET /static/img/area.png HTTP/1.1[0m" 304 -
[2024-02-13 17:18:43,346] INFO in _internal: 127.0.0.1 - - [13/Feb/2024 17:18:43] "[36mGET /static/css/escort.css HTTP/1.1[0m" 304 -
[2024-02-13 17:18:43,346] INFO in _internal: 127.0.0.1 - - [13/Feb/2024 17:18:43] "[36mGET /static/img/logo.png HTTP/1.1[0m" 304 -
[2024-02-13 17:18:43,350] INFO in _internal: 127.0.0.1 - - [13/Feb/2024 17:18:43] "[36mGET /static/js/escort.js HTTP/1.1[0m" 304 -
[2024-02-13 17:18:43,389] INFO in _internal: 127.0.0.1 - - [13/Feb/2024 17:18:43] "[36mGET /static/img/1.jpg HTTP/1.1[0m" 304 -
[2024-02-13 17:18:43,389] INFO in _internal: 127.0.0.1 - - [13/Feb/2024 17:18:43] "[36mGET /static/img/2.jpg HTTP/1.1[0m" 304 -
[2024-02-13 17:18:43,390] INFO in _internal: 127.0.0.1 - - [13/Feb/2024 17:18:43] "[36mGET /static/img/3.jpg HTTP/1.1[0m" 304 -
[2024-02-13 17:18:43,391] INFO in _internal: 127.0.0.1 - - [13/Feb/2024 17:18:43] "[36mGET /static/img/4.jpg HTTP/1.1[0m" 304 -
[2024-02-13 17:18:43,395] INFO in _internal: 127.0.0.1 - - [13/Feb/2024 17:18:43] "[36mGET /static/img/19.jpg HTTP/1.1[0m" 304 -
[2024-02-13 17:18:43,395] INFO in _internal: 127.0.0.1 - - [13/Feb/2024 17:18:43] "[36mGET /static/img/20.jpg HTTP/1.1[0m" 304 -
[2024-02-13 17:18:43,398] INFO in _internal: 127.0.0.1 - - [13/Feb/2024 17:18:43] "[36mGET /static/img/21.jpg HTTP/1.1[0m" 304 -
[2024-02-13 17:18:43,399] INFO in _internal: 127.0.0.1 - - [13/Feb/2024 17:18:43] "[36mGET /static/img/22.jpg HTTP/1.1[0m" 304 -
[2024-02-13 17:18:43,399] INFO in _internal: 127.0.0.1 - - [13/Feb/2024 17:18:43] "[36mGET /static/img/23.jpg HTTP/1.1[0m" 304 -
[2024-02-13 17:18:49,249] INFO in _internal: 127.0.0.1 - - [13/Feb/2024 17:18:49] "GET / HTTP/1.1" 200 -
[2024-02-13 17:18:49,265] INFO in _internal: 127.0.0.1 - - [13/Feb/2024 17:18:49] "[36mGET /static/img/logo.png HTTP/1.1[0m" 304 -
[2024-02-13 17:18:49,265] INFO in _internal: 127.0.0.1 - - [13/Feb/2024 17:18:49] "GET /static/css/templatemo-style.css HTTP/1.1" 200 -
[2024-02-13 17:18:49,265] INFO in _internal: 127.0.0.1 - - [13/Feb/2024 17:18:49] "GET /static/css/index.css HTTP/1.1" 200 -
[2024-02-13 17:18:49,603] INFO in _internal: 127.0.0.1 - - [13/Feb/2024 17:18:49] "GET /sensing_data HTTP/1.1" 200 -
[2024-02-13 17:18:57,832] INFO in _internal: 127.0.0.1 - - [13/Feb/2024 17:18:57] "GET / HTTP/1.1" 200 -
[2024-02-13 17:18:57,846] INFO in _internal: 127.0.0.1 - - [13/Feb/2024 17:18:57] "[36mGET /static/css/index.css HTTP/1.1[0m" 304 -
[2024-02-13 17:18:57,846] INFO in _internal: 127.0.0.1 - - [13/Feb/2024 17:18:57] "[36mGET /static/css/templatemo-style.css HTTP/1.1[0m" 304 -
[2024-02-13 17:18:57,846] INFO in _internal: 127.0.0.1 - - [13/Feb/2024 17:18:57] "[36mGET /static/img/logo.png HTTP/1.1[0m" 304 -
[2024-02-13 17:18:58,041] INFO in _internal: 127.0.0.1 - - [13/Feb/2024 17:18:58] "GET /sensing_data HTTP/1.1" 200 -
[2024-02-13 17:19:01,665] INFO in _internal: 127.0.0.1 - - [13/Feb/2024 17:19:01] "GET /escort HTTP/1.1" 200 -
[2024-02-13 17:19:01,678] INFO in _internal: 127.0.0.1 - - [13/Feb/2024 17:19:01] "[36mGET /static/css/escort.css HTTP/1.1[0m" 304 -
[2024-02-13 17:19:01,680] INFO in _internal: 127.0.0.1 - - [13/Feb/2024 17:19:01] "[36mGET /static/img/logo.png HTTP/1.1[0m" 304 -
[2024-02-13 17:19:01,681] INFO in _internal: 127.0.0.1 - - [13/Feb/2024 17:19:01] "[36mGET /static/img/area.png HTTP/1.1[0m" 304 -
[2024-02-13 17:19:01,683] INFO in _internal: 127.0.0.1 - - [13/Feb/2024 17:19:01] "GET /static/js/escort.js HTTP/1.1" 200 -
[2024-02-13 17:19:01,720] INFO in _internal: 127.0.0.1 - - [13/Feb/2024 17:19:01] "[36mGET /static/img/3.jpg HTTP/1.1[0m" 304 -
[2024-02-13 17:19:01,721] INFO in _internal: 127.0.0.1 - - [13/Feb/2024 17:19:01] "[36mGET /static/img/1.jpg HTTP/1.1[0m" 304 -
[2024-02-13 17:19:01,721] INFO in _internal: 127.0.0.1 - - [13/Feb/2024 17:19:01] "[36mGET /static/img/2.jpg HTTP/1.1[0m" 304 -
[2024-02-13 17:19:01,723] INFO in _internal: 127.0.0.1 - - [13/Feb/2024 17:19:01] "[36mGET /static/img/4.jpg HTTP/1.1[0m" 304 -
[2024-02-13 17:19:01,725] INFO in _internal: 127.0.0.1 - - [13/Feb/2024 17:19:01] "[36mGET /static/img/19.jpg HTTP/1.1[0m" 304 -
[2024-02-13 17:19:01,726] INFO in _internal: 127.0.0.1 - - [13/Feb/2024 17:19:01] "[36mGET /static/img/20.jpg HTTP/1.1[0m" 304 -
[2024-02-13 17:19:01,728] INFO in _internal: 127.0.0.1 - - [13/Feb/2024 17:19:01] "[36mGET /static/img/21.jpg HTTP/1.1[0m" 304 -
[2024-02-13 17:19:01,730] INFO in _internal: 127.0.0.1 - - [13/Feb/2024 17:19:01] "[36mGET /static/img/22.jpg HTTP/1.1[0m" 304 -
[2024-02-13 17:19:01,730] INFO in _internal: 127.0.0.1 - - [13/Feb/2024 17:19:01] "[36mGET /static/img/23.jpg HTTP/1.1[0m" 304 -
[2024-02-13 17:24:48,134] INFO in _internal: 127.0.0.1 - - [13/Feb/2024 17:24:48] "GET /escort HTTP/1.1" 200 -
[2024-02-13 17:24:48,148] INFO in _internal: 127.0.0.1 - - [13/Feb/2024 17:24:48] "[36mGET /static/img/area.png HTTP/1.1[0m" 304 -
[2024-02-13 17:24:48,149] INFO in _internal: 127.0.0.1 - - [13/Feb/2024 17:24:48] "[36mGET /static/img/logo.png HTTP/1.1[0m" 304 -
[2024-02-13 17:24:48,149] INFO in _internal: 127.0.0.1 - - [13/Feb/2024 17:24:48] "[36mGET /static/css/escort.css HTTP/1.1[0m" 304 -
[2024-02-13 17:24:48,152] INFO in _internal: 127.0.0.1 - - [13/Feb/2024 17:24:48] "GET /static/js/escort.js HTTP/1.1" 200 -
[2024-02-13 17:24:48,185] INFO in _internal: 127.0.0.1 - - [13/Feb/2024 17:24:48] "[36mGET /static/img/19.jpg HTTP/1.1[0m" 304 -
[2024-02-13 17:24:48,185] INFO in _internal: 127.0.0.1 - - [13/Feb/2024 17:24:48] "[36mGET /static/img/3.jpg HTTP/1.1[0m" 304 -
[2024-02-13 17:24:48,185] INFO in _internal: 127.0.0.1 - - [13/Feb/2024 17:24:48] "[36mGET /static/img/2.jpg HTTP/1.1[0m" 304 -
[2024-02-13 17:24:48,186] INFO in _internal: 127.0.0.1 - - [13/Feb/2024 17:24:48] "[36mGET /static/img/20.jpg HTTP/1.1[0m" 304 -
[2024-02-13 17:24:48,186] INFO in _internal: 127.0.0.1 - - [13/Feb/2024 17:24:48] "[36mGET /static/img/4.jpg HTTP/1.1[0m" 304 -
[2024-02-13 17:24:48,186] INFO in _internal: 127.0.0.1 - - [13/Feb/2024 17:24:48] "[36mGET /static/img/1.jpg HTTP/1.1[0m" 304 -
[2024-02-13 17:24:48,191] INFO in _internal: 127.0.0.1 - - [13/Feb/2024 17:24:48] "[36mGET /static/img/22.jpg HTTP/1.1[0m" 304 -
[2024-02-13 17:24:48,191] INFO in _internal: 127.0.0.1 - - [13/Feb/2024 17:24:48] "[36mGET /static/img/23.jpg HTTP/1.1[0m" 304 -
[2024-02-13 17:24:48,192] INFO in _internal: 127.0.0.1 - - [13/Feb/2024 17:24:48] "[36mGET /static/img/21.jpg HTTP/1.1[0m" 304 -
[2024-02-13 17:28:04,921] INFO in _internal: 127.0.0.1 - - [13/Feb/2024 17:28:04] "GET /escort HTTP/1.1" 200 -
[2024-02-13 17:28:04,944] INFO in _internal: 127.0.0.1 - - [13/Feb/2024 17:28:04] "[36mGET /static/css/escort.css HTTP/1.1[0m" 304 -
[2024-02-13 17:28:04,946] INFO in _internal: 127.0.0.1 - - [13/Feb/2024 17:28:04] "[36mGET /static/img/logo.png HTTP/1.1[0m" 304 -
[2024-02-13 17:28:04,947] INFO in _internal: 127.0.0.1 - - [13/Feb/2024 17:28:04] "[36mGET /static/img/area.png HTTP/1.1[0m" 304 -
[2024-02-13 17:28:04,950] INFO in _internal: 127.0.0.1 - - [13/Feb/2024 17:28:04] "GET /static/js/escort.js HTTP/1.1" 200 -
[2024-02-13 17:28:05,092] INFO in _internal: 127.0.0.1 - - [13/Feb/2024 17:28:05] "[36mGET /static/img/1.jpg HTTP/1.1[0m" 304 -
[2024-02-13 17:28:05,093] INFO in _internal: 127.0.0.1 - - [13/Feb/2024 17:28:05] "[36mGET /static/img/3.jpg HTTP/1.1[0m" 304 -
[2024-02-13 17:28:05,094] INFO in _internal: 127.0.0.1 - - [13/Feb/2024 17:28:05] "[36mGET /static/img/2.jpg HTTP/1.1[0m" 304 -
[2024-02-13 17:28:05,094] INFO in _internal: 127.0.0.1 - - [13/Feb/2024 17:28:05] "[36mGET /static/img/19.jpg HTTP/1.1[0m" 304 -
[2024-02-13 17:28:05,096] INFO in _internal: 127.0.0.1 - - [13/Feb/2024 17:28:05] "[36mGET /static/img/4.jpg HTTP/1.1[0m" 304 -
[2024-02-13 17:28:05,096] INFO in _internal: 127.0.0.1 - - [13/Feb/2024 17:28:05] "[36mGET /static/img/20.jpg HTTP/1.1[0m" 304 -
[2024-02-13 17:28:05,101] INFO in _internal: 127.0.0.1 - - [13/Feb/2024 17:28:05] "[36mGET /static/img/21.jpg HTTP/1.1[0m" 304 -
[2024-02-13 17:28:05,101] INFO in _internal: 127.0.0.1 - - [13/Feb/2024 17:28:05] "[36mGET /static/img/22.jpg HTTP/1.1[0m" 304 -
[2024-02-13 17:28:05,102] INFO in _internal: 127.0.0.1 - - [13/Feb/2024 17:28:05] "[36mGET /static/img/23.jpg HTTP/1.1[0m" 304 -
[2024-02-14 12:16:08,675] INFO in _internal: [31m[1mWARNING: This is a development server. Do not use it in a production deployment. Use a production WSGI server instead.[0m
 * Running on http://127.0.0.1:5000
[2024-02-14 12:16:08,676] INFO in _internal: [33mPress CTRL+C to quit[0m
[2024-02-14 12:16:08,676] INFO in _internal:  * Restarting with stat
[2024-02-14 12:16:08,776] WARNING in _internal:  * Debugger is active!
[2024-02-14 12:16:08,783] INFO in _internal:  * Debugger PIN: 490-297-287
[2024-02-14 12:16:36,499] INFO in _internal: 127.0.0.1 - - [14/Feb/2024 12:16:36] "GET / HTTP/1.1" 200 -
[2024-02-14 12:16:36,535] INFO in _internal: 127.0.0.1 - - [14/Feb/2024 12:16:36] "GET /static/css/index.css HTTP/1.1" 200 -
[2024-02-14 12:16:36,535] INFO in _internal: 127.0.0.1 - - [14/Feb/2024 12:16:36] "GET /static/img/logo.png HTTP/1.1" 200 -
[2024-02-14 12:16:36,535] INFO in _internal: 127.0.0.1 - - [14/Feb/2024 12:16:36] "GET /static/css/templatemo-style.css HTTP/1.1" 200 -
[2024-02-14 12:16:36,834] INFO in _internal: 127.0.0.1 - - [14/Feb/2024 12:16:36] "GET /sensing_data HTTP/1.1" 200 -
[2024-02-14 12:16:39,127] INFO in _internal: 127.0.0.1 - - [14/Feb/2024 12:16:39] "GET /index2 HTTP/1.1" 200 -
[2024-02-14 12:16:39,144] INFO in _internal: 127.0.0.1 - - [14/Feb/2024 12:16:39] "[36mGET /static/css/templatemo-style.css HTTP/1.1[0m" 304 -
[2024-02-14 12:16:39,145] INFO in _internal: 127.0.0.1 - - [14/Feb/2024 12:16:39] "[36mGET /static/css/index.css HTTP/1.1[0m" 304 -
[2024-02-14 12:16:39,145] INFO in _internal: 127.0.0.1 - - [14/Feb/2024 12:16:39] "[36mGET /static/img/logo.png HTTP/1.1[0m" 304 -
[2024-02-14 12:16:39,271] INFO in _internal: 127.0.0.1 - - [14/Feb/2024 12:16:39] "GET /sensing_data2 HTTP/1.1" 200 -
[2024-02-14 12:43:45,260] INFO in _internal: 127.0.0.1 - - [14/Feb/2024 12:43:45] "GET /sensing_data2 HTTP/1.1" 200 -
[2024-02-14 14:23:23,879] INFO in _internal: 127.0.0.1 - - [14/Feb/2024 14:23:23] "GET / HTTP/1.1" 200 -
[2024-02-14 14:23:23,895] INFO in _internal: 127.0.0.1 - - [14/Feb/2024 14:23:23] "[36mGET /static/css/templatemo-style.css HTTP/1.1[0m" 304 -
[2024-02-14 14:23:23,896] INFO in _internal: 127.0.0.1 - - [14/Feb/2024 14:23:23] "[36mGET /static/css/index.css HTTP/1.1[0m" 304 -
[2024-02-14 14:23:23,897] INFO in _internal: 127.0.0.1 - - [14/Feb/2024 14:23:23] "[36mGET /static/img/logo.png HTTP/1.1[0m" 304 -
[2024-02-14 14:23:24,159] INFO in _internal: 127.0.0.1 - - [14/Feb/2024 14:23:24] "GET /sensing_data HTTP/1.1" 200 -
[2024-02-14 14:23:27,295] INFO in _internal: 127.0.0.1 - - [14/Feb/2024 14:23:27] "GET /index2 HTTP/1.1" 200 -
[2024-02-14 14:23:27,316] INFO in _internal: 127.0.0.1 - - [14/Feb/2024 14:23:27] "[36mGET /static/css/index.css HTTP/1.1[0m" 304 -
[2024-02-14 14:23:27,316] INFO in _internal: 127.0.0.1 - - [14/Feb/2024 14:23:27] "[36mGET /static/css/templatemo-style.css HTTP/1.1[0m" 304 -
[2024-02-14 14:23:27,317] INFO in _internal: 127.0.0.1 - - [14/Feb/2024 14:23:27] "[36mGET /static/img/logo.png HTTP/1.1[0m" 304 -
[2024-02-14 14:23:27,444] INFO in _internal: 127.0.0.1 - - [14/Feb/2024 14:23:27] "GET /sensing_data2 HTTP/1.1" 200 -
[2024-02-14 14:23:28,130] INFO in _internal: 127.0.0.1 - - [14/Feb/2024 14:23:28] "GET /escort HTTP/1.1" 200 -
[2024-02-14 14:23:28,147] INFO in _internal: 127.0.0.1 - - [14/Feb/2024 14:23:28] "GET /static/css/escort.css HTTP/1.1" 200 -
[2024-02-14 14:23:28,148] INFO in _internal: 127.0.0.1 - - [14/Feb/2024 14:23:28] "GET /static/img/area.png HTTP/1.1" 200 -
[2024-02-14 14:23:28,148] INFO in _internal: 127.0.0.1 - - [14/Feb/2024 14:23:28] "[36mGET /static/img/logo.png HTTP/1.1[0m" 304 -
[2024-02-14 14:23:28,152] INFO in _internal: 127.0.0.1 - - [14/Feb/2024 14:23:28] "GET /static/js/escort.js HTTP/1.1" 200 -
[2024-02-14 14:23:28,195] INFO in _internal: 127.0.0.1 - - [14/Feb/2024 14:23:28] "GET /static/img/2.jpg HTTP/1.1" 200 -
[2024-02-14 14:23:28,196] INFO in _internal: 127.0.0.1 - - [14/Feb/2024 14:23:28] "GET /static/img/3.jpg HTTP/1.1" 200 -
[2024-02-14 14:23:28,197] INFO in _internal: 127.0.0.1 - - [14/Feb/2024 14:23:28] "GET /static/img/4.jpg HTTP/1.1" 200 -
[2024-02-14 14:23:28,198] INFO in _internal: 127.0.0.1 - - [14/Feb/2024 14:23:28] "GET /static/img/1.jpg HTTP/1.1" 200 -
[2024-02-14 14:23:28,200] INFO in _internal: 127.0.0.1 - - [14/Feb/2024 14:23:28] "GET /static/img/19.jpg HTTP/1.1" 200 -
[2024-02-14 14:23:28,200] INFO in _internal: 127.0.0.1 - - [14/Feb/2024 14:23:28] "GET /static/img/20.jpg HTTP/1.1" 200 -
[2024-02-14 14:23:28,205] INFO in _internal: 127.0.0.1 - - [14/Feb/2024 14:23:28] "GET /static/img/21.jpg HTTP/1.1" 200 -
[2024-02-14 14:23:28,207] INFO in _internal: 127.0.0.1 - - [14/Feb/2024 14:23:28] "GET /static/img/22.jpg HTTP/1.1" 200 -
[2024-02-14 14:23:28,210] INFO in _internal: 127.0.0.1 - - [14/Feb/2024 14:23:28] "GET /static/img/23.jpg HTTP/1.1" 200 -
[2024-02-14 14:23:59,644] INFO in _internal: 127.0.0.1 - - [14/Feb/2024 14:23:59] "GET /escort HTTP/1.1" 200 -
[2024-02-14 14:23:59,659] INFO in _internal: 127.0.0.1 - - [14/Feb/2024 14:23:59] "[36mGET /static/css/escort.css HTTP/1.1[0m" 304 -
[2024-02-14 14:23:59,660] INFO in _internal: 127.0.0.1 - - [14/Feb/2024 14:23:59] "[36mGET /static/img/logo.png HTTP/1.1[0m" 304 -
[2024-02-14 14:23:59,661] INFO in _internal: 127.0.0.1 - - [14/Feb/2024 14:23:59] "[36mGET /static/img/area.png HTTP/1.1[0m" 304 -
[2024-02-14 14:23:59,665] INFO in _internal: 127.0.0.1 - - [14/Feb/2024 14:23:59] "[36mGET /static/js/escort.js HTTP/1.1[0m" 304 -
[2024-02-14 14:23:59,727] INFO in _internal: 127.0.0.1 - - [14/Feb/2024 14:23:59] "[36mGET /static/img/1.jpg HTTP/1.1[0m" 304 -
[2024-02-14 14:23:59,730] INFO in _internal: 127.0.0.1 - - [14/Feb/2024 14:23:59] "[36mGET /static/img/3.jpg HTTP/1.1[0m" 304 -
[2024-02-14 14:23:59,730] INFO in _internal: 127.0.0.1 - - [14/Feb/2024 14:23:59] "[36mGET /static/img/2.jpg HTTP/1.1[0m" 304 -
[2024-02-14 14:23:59,733] INFO in _internal: 127.0.0.1 - - [14/Feb/2024 14:23:59] "[36mGET /static/img/4.jpg HTTP/1.1[0m" 304 -
[2024-02-14 14:23:59,733] INFO in _internal: 127.0.0.1 - - [14/Feb/2024 14:23:59] "[36mGET /static/img/20.jpg HTTP/1.1[0m" 304 -
[2024-02-14 14:23:59,734] INFO in _internal: 127.0.0.1 - - [14/Feb/2024 14:23:59] "[36mGET /static/img/19.jpg HTTP/1.1[0m" 304 -
[2024-02-14 14:23:59,735] INFO in _internal: 127.0.0.1 - - [14/Feb/2024 14:23:59] "[36mGET /static/img/21.jpg HTTP/1.1[0m" 304 -
[2024-02-14 14:23:59,737] INFO in _internal: 127.0.0.1 - - [14/Feb/2024 14:23:59] "[36mGET /static/img/22.jpg HTTP/1.1[0m" 304 -
[2024-02-14 14:23:59,738] INFO in _internal: 127.0.0.1 - - [14/Feb/2024 14:23:59] "[36mGET /static/img/23.jpg HTTP/1.1[0m" 304 -
[2024-02-14 14:24:03,946] INFO in _internal: 127.0.0.1 - - [14/Feb/2024 14:24:03] "GET /escort HTTP/1.1" 200 -
[2024-02-14 14:24:03,960] INFO in _internal: 127.0.0.1 - - [14/Feb/2024 14:24:03] "[36mGET /static/css/escort.css HTTP/1.1[0m" 304 -
[2024-02-14 14:24:03,960] INFO in _internal: 127.0.0.1 - - [14/Feb/2024 14:24:03] "[36mGET /static/img/logo.png HTTP/1.1[0m" 304 -
[2024-02-14 14:24:03,962] INFO in _internal: 127.0.0.1 - - [14/Feb/2024 14:24:03] "[36mGET /static/img/area.png HTTP/1.1[0m" 304 -
[2024-02-14 14:24:03,968] INFO in _internal: 127.0.0.1 - - [14/Feb/2024 14:24:03] "[36mGET /static/js/escort.js HTTP/1.1[0m" 304 -
[2024-02-14 14:24:03,978] INFO in _internal: 127.0.0.1 - - [14/Feb/2024 14:24:03] "[36mGET /static/img/3.jpg HTTP/1.1[0m" 304 -
[2024-02-14 14:24:03,979] INFO in _internal: 127.0.0.1 - - [14/Feb/2024 14:24:03] "[36mGET /static/img/1.jpg HTTP/1.1[0m" 304 -
[2024-02-14 14:24:03,981] INFO in _internal: 127.0.0.1 - - [14/Feb/2024 14:24:03] "[36mGET /static/img/2.jpg HTTP/1.1[0m" 304 -
[2024-02-14 14:24:03,983] INFO in _internal: 127.0.0.1 - - [14/Feb/2024 14:24:03] "[36mGET /static/img/4.jpg HTTP/1.1[0m" 304 -
[2024-02-14 14:24:03,984] INFO in _internal: 127.0.0.1 - - [14/Feb/2024 14:24:03] "[36mGET /static/img/19.jpg HTTP/1.1[0m" 304 -
[2024-02-14 14:24:03,986] INFO in _internal: 127.0.0.1 - - [14/Feb/2024 14:24:03] "[36mGET /static/img/20.jpg HTTP/1.1[0m" 304 -
[2024-02-14 14:24:03,987] INFO in _internal: 127.0.0.1 - - [14/Feb/2024 14:24:03] "[36mGET /static/img/21.jpg HTTP/1.1[0m" 304 -
[2024-02-14 14:24:03,988] INFO in _internal: 127.0.0.1 - - [14/Feb/2024 14:24:03] "[36mGET /static/img/23.jpg HTTP/1.1[0m" 304 -
[2024-02-14 14:24:03,989] INFO in _internal: 127.0.0.1 - - [14/Feb/2024 14:24:03] "[36mGET /static/img/22.jpg HTTP/1.1[0m" 304 -
[2024-02-14 14:24:50,356] INFO in _internal: 127.0.0.1 - - [14/Feb/2024 14:24:50] "GET /escort HTTP/1.1" 200 -
[2024-02-14 14:24:50,365] INFO in _internal: 127.0.0.1 - - [14/Feb/2024 14:24:50] "[36mGET /static/css/escort.css HTTP/1.1[0m" 304 -
[2024-02-14 14:24:50,366] INFO in _internal: 127.0.0.1 - - [14/Feb/2024 14:24:50] "[36mGET /static/img/logo.png HTTP/1.1[0m" 304 -
[2024-02-14 14:24:50,366] INFO in _internal: 127.0.0.1 - - [14/Feb/2024 14:24:50] "[36mGET /static/img/area.png HTTP/1.1[0m" 304 -
[2024-02-14 14:24:50,368] INFO in _internal: 127.0.0.1 - - [14/Feb/2024 14:24:50] "[36mGET /static/js/escort.js HTTP/1.1[0m" 304 -
[2024-02-14 14:24:50,401] INFO in _internal: 127.0.0.1 - - [14/Feb/2024 14:24:50] "[36mGET /static/img/2.jpg HTTP/1.1[0m" 304 -
[2024-02-14 14:24:50,402] INFO in _internal: 127.0.0.1 - - [14/Feb/2024 14:24:50] "[36mGET /static/img/3.jpg HTTP/1.1[0m" 304 -
[2024-02-14 14:24:50,403] INFO in _internal: 127.0.0.1 - - [14/Feb/2024 14:24:50] "[36mGET /static/img/1.jpg HTTP/1.1[0m" 304 -
[2024-02-14 14:24:50,404] INFO in _internal: 127.0.0.1 - - [14/Feb/2024 14:24:50] "[36mGET /static/img/4.jpg HTTP/1.1[0m" 304 -
[2024-02-14 14:24:50,405] INFO in _internal: 127.0.0.1 - - [14/Feb/2024 14:24:50] "[36mGET /static/img/19.jpg HTTP/1.1[0m" 304 -
[2024-02-14 14:24:50,407] INFO in _internal: 127.0.0.1 - - [14/Feb/2024 14:24:50] "[36mGET /static/img/20.jpg HTTP/1.1[0m" 304 -
[2024-02-14 14:24:50,407] INFO in _internal: 127.0.0.1 - - [14/Feb/2024 14:24:50] "[36mGET /static/img/21.jpg HTTP/1.1[0m" 304 -
[2024-02-14 14:24:50,408] INFO in _internal: 127.0.0.1 - - [14/Feb/2024 14:24:50] "[36mGET /static/img/22.jpg HTTP/1.1[0m" 304 -
[2024-02-14 14:24:50,409] INFO in _internal: 127.0.0.1 - - [14/Feb/2024 14:24:50] "[36mGET /static/img/23.jpg HTTP/1.1[0m" 304 -
[2024-02-14 14:24:50,979] INFO in _internal: 127.0.0.1 - - [14/Feb/2024 14:24:50] "GET /escort HTTP/1.1" 200 -
[2024-02-14 14:24:50,992] INFO in _internal: 127.0.0.1 - - [14/Feb/2024 14:24:50] "[36mGET /static/css/escort.css HTTP/1.1[0m" 304 -
[2024-02-14 14:24:50,993] INFO in _internal: 127.0.0.1 - - [14/Feb/2024 14:24:50] "[36mGET /static/img/logo.png HTTP/1.1[0m" 304 -
[2024-02-14 14:24:50,994] INFO in _internal: 127.0.0.1 - - [14/Feb/2024 14:24:50] "[36mGET /static/img/area.png HTTP/1.1[0m" 304 -
[2024-02-14 14:24:50,997] INFO in _internal: 127.0.0.1 - - [14/Feb/2024 14:24:50] "[36mGET /static/js/escort.js HTTP/1.1[0m" 304 -
[2024-02-14 14:24:51,025] INFO in _internal: 127.0.0.1 - - [14/Feb/2024 14:24:51] "[36mGET /static/img/2.jpg HTTP/1.1[0m" 304 -
[2024-02-14 14:24:51,025] INFO in _internal: 127.0.0.1 - - [14/Feb/2024 14:24:51] "[36mGET /static/img/3.jpg HTTP/1.1[0m" 304 -
[2024-02-14 14:24:51,027] INFO in _internal: 127.0.0.1 - - [14/Feb/2024 14:24:51] "[36mGET /static/img/1.jpg HTTP/1.1[0m" 304 -
[2024-02-14 14:24:51,028] INFO in _internal: 127.0.0.1 - - [14/Feb/2024 14:24:51] "[36mGET /static/img/4.jpg HTTP/1.1[0m" 304 -
[2024-02-14 14:24:51,030] INFO in _internal: 127.0.0.1 - - [14/Feb/2024 14:24:51] "[36mGET /static/img/19.jpg HTTP/1.1[0m" 304 -
[2024-02-14 14:24:51,031] INFO in _internal: 127.0.0.1 - - [14/Feb/2024 14:24:51] "[36mGET /static/img/20.jpg HTTP/1.1[0m" 304 -
[2024-02-14 14:24:51,032] INFO in _internal: 127.0.0.1 - - [14/Feb/2024 14:24:51] "[36mGET /static/img/21.jpg HTTP/1.1[0m" 304 -
[2024-02-14 14:24:51,033] INFO in _internal: 127.0.0.1 - - [14/Feb/2024 14:24:51] "[36mGET /static/img/22.jpg HTTP/1.1[0m" 304 -
[2024-02-14 14:24:51,035] INFO in _internal: 127.0.0.1 - - [14/Feb/2024 14:24:51] "[36mGET /static/img/23.jpg HTTP/1.1[0m" 304 -
[2024-02-14 14:24:56,928] INFO in _internal: 127.0.0.1 - - [14/Feb/2024 14:24:56] "GET /escort HTTP/1.1" 200 -
[2024-02-14 14:24:56,943] INFO in _internal: 127.0.0.1 - - [14/Feb/2024 14:24:56] "[36mGET /static/css/escort.css HTTP/1.1[0m" 304 -
[2024-02-14 14:24:56,943] INFO in _internal: 127.0.0.1 - - [14/Feb/2024 14:24:56] "[36mGET /static/img/logo.png HTTP/1.1[0m" 304 -
[2024-02-14 14:24:56,944] INFO in _internal: 127.0.0.1 - - [14/Feb/2024 14:24:56] "[36mGET /static/img/area.png HTTP/1.1[0m" 304 -
[2024-02-14 14:24:56,948] INFO in _internal: 127.0.0.1 - - [14/Feb/2024 14:24:56] "[36mGET /static/js/escort.js HTTP/1.1[0m" 304 -
[2024-02-14 14:24:56,985] INFO in _internal: 127.0.0.1 - - [14/Feb/2024 14:24:56] "[36mGET /static/img/2.jpg HTTP/1.1[0m" 304 -
[2024-02-14 14:24:56,985] INFO in _internal: 127.0.0.1 - - [14/Feb/2024 14:24:56] "[36mGET /static/img/3.jpg HTTP/1.1[0m" 304 -
[2024-02-14 14:24:56,988] INFO in _internal: 127.0.0.1 - - [14/Feb/2024 14:24:56] "[36mGET /static/img/1.jpg HTTP/1.1[0m" 304 -
[2024-02-14 14:24:56,988] INFO in _internal: 127.0.0.1 - - [14/Feb/2024 14:24:56] "[36mGET /static/img/4.jpg HTTP/1.1[0m" 304 -
[2024-02-14 14:24:56,989] INFO in _internal: 127.0.0.1 - - [14/Feb/2024 14:24:56] "[36mGET /static/img/19.jpg HTTP/1.1[0m" 304 -
[2024-02-14 14:24:56,990] INFO in _internal: 127.0.0.1 - - [14/Feb/2024 14:24:56] "[36mGET /static/img/20.jpg HTTP/1.1[0m" 304 -
[2024-02-14 14:24:56,993] INFO in _internal: 127.0.0.1 - - [14/Feb/2024 14:24:56] "[36mGET /static/img/22.jpg HTTP/1.1[0m" 304 -
[2024-02-14 14:24:56,994] INFO in _internal: 127.0.0.1 - - [14/Feb/2024 14:24:56] "[36mGET /static/img/21.jpg HTTP/1.1[0m" 304 -
[2024-02-14 14:24:56,994] INFO in _internal: 127.0.0.1 - - [14/Feb/2024 14:24:56] "[36mGET /static/img/23.jpg HTTP/1.1[0m" 304 -
[2024-02-14 14:25:06,655] INFO in _internal: 127.0.0.1 - - [14/Feb/2024 14:25:06] "GET /escort HTTP/1.1" 200 -
[2024-02-14 14:25:06,662] INFO in _internal: 127.0.0.1 - - [14/Feb/2024 14:25:06] "[36mGET /static/img/logo.png HTTP/1.1[0m" 304 -
[2024-02-14 14:25:06,663] INFO in _internal: 127.0.0.1 - - [14/Feb/2024 14:25:06] "[36mGET /static/css/escort.css HTTP/1.1[0m" 304 -
[2024-02-14 14:25:06,664] INFO in _internal: 127.0.0.1 - - [14/Feb/2024 14:25:06] "[36mGET /static/img/area.png HTTP/1.1[0m" 304 -
[2024-02-14 14:25:06,665] INFO in _internal: 127.0.0.1 - - [14/Feb/2024 14:25:06] "GET /static/js/escort.js HTTP/1.1" 200 -
[2024-02-14 14:25:06,706] INFO in _internal: 127.0.0.1 - - [14/Feb/2024 14:25:06] "[36mGET /static/img/2.jpg HTTP/1.1[0m" 304 -
[2024-02-14 14:25:06,707] INFO in _internal: 127.0.0.1 - - [14/Feb/2024 14:25:06] "[36mGET /static/img/1.jpg HTTP/1.1[0m" 304 -
[2024-02-14 14:25:06,708] INFO in _internal: 127.0.0.1 - - [14/Feb/2024 14:25:06] "[36mGET /static/img/4.jpg HTTP/1.1[0m" 304 -
[2024-02-14 14:25:06,708] INFO in _internal: 127.0.0.1 - - [14/Feb/2024 14:25:06] "[36mGET /static/img/3.jpg HTTP/1.1[0m" 304 -
[2024-02-14 14:25:06,709] INFO in _internal: 127.0.0.1 - - [14/Feb/2024 14:25:06] "[36mGET /static/img/19.jpg HTTP/1.1[0m" 304 -
[2024-02-14 14:25:06,709] INFO in _internal: 127.0.0.1 - - [14/Feb/2024 14:25:06] "[36mGET /static/img/20.jpg HTTP/1.1[0m" 304 -
[2024-02-14 14:25:06,712] INFO in _internal: 127.0.0.1 - - [14/Feb/2024 14:25:06] "[36mGET /static/img/21.jpg HTTP/1.1[0m" 304 -
[2024-02-14 14:25:06,712] INFO in _internal: 127.0.0.1 - - [14/Feb/2024 14:25:06] "[36mGET /static/img/23.jpg HTTP/1.1[0m" 304 -
[2024-02-14 14:25:06,713] INFO in _internal: 127.0.0.1 - - [14/Feb/2024 14:25:06] "[36mGET /static/img/22.jpg HTTP/1.1[0m" 304 -
[2024-02-14 14:25:07,113] INFO in _internal: 127.0.0.1 - - [14/Feb/2024 14:25:07] "GET /escort HTTP/1.1" 200 -
[2024-02-14 14:25:07,128] INFO in _internal: 127.0.0.1 - - [14/Feb/2024 14:25:07] "[36mGET /static/img/area.png HTTP/1.1[0m" 304 -
[2024-02-14 14:25:07,128] INFO in _internal: 127.0.0.1 - - [14/Feb/2024 14:25:07] "[36mGET /static/img/logo.png HTTP/1.1[0m" 304 -
[2024-02-14 14:25:07,129] INFO in _internal: 127.0.0.1 - - [14/Feb/2024 14:25:07] "[36mGET /static/css/escort.css HTTP/1.1[0m" 304 -
[2024-02-14 14:25:07,134] INFO in _internal: 127.0.0.1 - - [14/Feb/2024 14:25:07] "[36mGET /static/js/escort.js HTTP/1.1[0m" 304 -
[2024-02-14 14:25:07,180] INFO in _internal: 127.0.0.1 - - [14/Feb/2024 14:25:07] "[36mGET /static/img/2.jpg HTTP/1.1[0m" 304 -
[2024-02-14 14:25:07,180] INFO in _internal: 127.0.0.1 - - [14/Feb/2024 14:25:07] "[36mGET /static/img/1.jpg HTTP/1.1[0m" 304 -
[2024-02-14 14:25:07,180] INFO in _internal: 127.0.0.1 - - [14/Feb/2024 14:25:07] "[36mGET /static/img/3.jpg HTTP/1.1[0m" 304 -
[2024-02-14 14:25:07,183] INFO in _internal: 127.0.0.1 - - [14/Feb/2024 14:25:07] "[36mGET /static/img/19.jpg HTTP/1.1[0m" 304 -
[2024-02-14 14:25:07,183] INFO in _internal: 127.0.0.1 - - [14/Feb/2024 14:25:07] "[36mGET /static/img/4.jpg HTTP/1.1[0m" 304 -
[2024-02-14 14:25:07,186] INFO in _internal: 127.0.0.1 - - [14/Feb/2024 14:25:07] "[36mGET /static/img/20.jpg HTTP/1.1[0m" 304 -
[2024-02-14 14:25:07,186] INFO in _internal: 127.0.0.1 - - [14/Feb/2024 14:25:07] "[36mGET /static/img/21.jpg HTTP/1.1[0m" 304 -
[2024-02-14 14:25:07,188] INFO in _internal: 127.0.0.1 - - [14/Feb/2024 14:25:07] "[36mGET /static/img/22.jpg HTTP/1.1[0m" 304 -
[2024-02-14 14:25:07,189] INFO in _internal: 127.0.0.1 - - [14/Feb/2024 14:25:07] "[36mGET /static/img/23.jpg HTTP/1.1[0m" 304 -
[2024-02-14 14:25:20,889] INFO in _internal: 127.0.0.1 - - [14/Feb/2024 14:25:20] "GET /escort HTTP/1.1" 200 -
[2024-02-14 14:25:20,897] INFO in _internal: 127.0.0.1 - - [14/Feb/2024 14:25:20] "[36mGET /static/img/logo.png HTTP/1.1[0m" 304 -
[2024-02-14 14:25:20,898] INFO in _internal: 127.0.0.1 - - [14/Feb/2024 14:25:20] "[36mGET /static/css/escort.css HTTP/1.1[0m" 304 -
[2024-02-14 14:25:20,899] INFO in _internal: 127.0.0.1 - - [14/Feb/2024 14:25:20] "[36mGET /static/img/area.png HTTP/1.1[0m" 304 -
[2024-02-14 14:25:20,900] INFO in _internal: 127.0.0.1 - - [14/Feb/2024 14:25:20] "GET /static/js/escort.js HTTP/1.1" 200 -
[2024-02-14 14:25:20,932] INFO in _internal: 127.0.0.1 - - [14/Feb/2024 14:25:20] "[36mGET /static/img/1.jpg HTTP/1.1[0m" 304 -
[2024-02-14 14:25:20,934] INFO in _internal: 127.0.0.1 - - [14/Feb/2024 14:25:20] "[36mGET /static/img/2.jpg HTTP/1.1[0m" 304 -
[2024-02-14 14:25:20,936] INFO in _internal: 127.0.0.1 - - [14/Feb/2024 14:25:20] "[36mGET /static/img/4.jpg HTTP/1.1[0m" 304 -
[2024-02-14 14:25:20,936] INFO in _internal: 127.0.0.1 - - [14/Feb/2024 14:25:20] "[36mGET /static/img/3.jpg HTTP/1.1[0m" 304 -
[2024-02-14 14:25:20,937] INFO in _internal: 127.0.0.1 - - [14/Feb/2024 14:25:20] "[36mGET /static/img/20.jpg HTTP/1.1[0m" 304 -
[2024-02-14 14:25:20,937] INFO in _internal: 127.0.0.1 - - [14/Feb/2024 14:25:20] "[36mGET /static/img/19.jpg HTTP/1.1[0m" 304 -
[2024-02-14 14:25:20,938] INFO in _internal: 127.0.0.1 - - [14/Feb/2024 14:25:20] "[36mGET /static/img/21.jpg HTTP/1.1[0m" 304 -
[2024-02-14 14:25:20,939] INFO in _internal: 127.0.0.1 - - [14/Feb/2024 14:25:20] "[36mGET /static/img/22.jpg HTTP/1.1[0m" 304 -
[2024-02-14 14:25:20,939] INFO in _internal: 127.0.0.1 - - [14/Feb/2024 14:25:20] "[36mGET /static/img/23.jpg HTTP/1.1[0m" 304 -
[2024-02-14 14:25:29,973] INFO in _internal: 127.0.0.1 - - [14/Feb/2024 14:25:29] "GET /escort HTTP/1.1" 200 -
[2024-02-14 14:25:29,982] INFO in _internal: 127.0.0.1 - - [14/Feb/2024 14:25:29] "[36mGET /static/css/escort.css HTTP/1.1[0m" 304 -
[2024-02-14 14:25:29,983] INFO in _internal: 127.0.0.1 - - [14/Feb/2024 14:25:29] "[36mGET /static/img/logo.png HTTP/1.1[0m" 304 -
[2024-02-14 14:25:29,983] INFO in _internal: 127.0.0.1 - - [14/Feb/2024 14:25:29] "[36mGET /static/img/area.png HTTP/1.1[0m" 304 -
[2024-02-14 14:25:29,985] INFO in _internal: 127.0.0.1 - - [14/Feb/2024 14:25:29] "GET /static/js/escort.js HTTP/1.1" 200 -
[2024-02-14 14:25:30,030] INFO in _internal: 127.0.0.1 - - [14/Feb/2024 14:25:30] "[36mGET /static/img/1.jpg HTTP/1.1[0m" 304 -
[2024-02-14 14:25:30,031] INFO in _internal: 127.0.0.1 - - [14/Feb/2024 14:25:30] "[36mGET /static/img/2.jpg HTTP/1.1[0m" 304 -
[2024-02-14 14:25:30,033] INFO in _internal: 127.0.0.1 - - [14/Feb/2024 14:25:30] "[36mGET /static/img/3.jpg HTTP/1.1[0m" 304 -
[2024-02-14 14:25:30,034] INFO in _internal: 127.0.0.1 - - [14/Feb/2024 14:25:30] "[36mGET /static/img/4.jpg HTTP/1.1[0m" 304 -
[2024-02-14 14:25:30,035] INFO in _internal: 127.0.0.1 - - [14/Feb/2024 14:25:30] "[36mGET /static/img/19.jpg HTTP/1.1[0m" 304 -
[2024-02-14 14:25:30,036] INFO in _internal: 127.0.0.1 - - [14/Feb/2024 14:25:30] "[36mGET /static/img/20.jpg HTTP/1.1[0m" 304 -
[2024-02-14 14:25:30,038] INFO in _internal: 127.0.0.1 - - [14/Feb/2024 14:25:30] "[36mGET /static/img/21.jpg HTTP/1.1[0m" 304 -
[2024-02-14 14:25:30,039] INFO in _internal: 127.0.0.1 - - [14/Feb/2024 14:25:30] "[36mGET /static/img/23.jpg HTTP/1.1[0m" 304 -
[2024-02-14 14:25:30,039] INFO in _internal: 127.0.0.1 - - [14/Feb/2024 14:25:30] "[36mGET /static/img/22.jpg HTTP/1.1[0m" 304 -
[2024-02-14 14:25:38,495] INFO in _internal: 127.0.0.1 - - [14/Feb/2024 14:25:38] "GET /escort HTTP/1.1" 200 -
[2024-02-14 14:25:38,510] INFO in _internal: 127.0.0.1 - - [14/Feb/2024 14:25:38] "[36mGET /static/img/logo.png HTTP/1.1[0m" 304 -
[2024-02-14 14:25:38,510] INFO in _internal: 127.0.0.1 - - [14/Feb/2024 14:25:38] "[36mGET /static/img/area.png HTTP/1.1[0m" 304 -
[2024-02-14 14:25:38,511] INFO in _internal: 127.0.0.1 - - [14/Feb/2024 14:25:38] "[36mGET /static/css/escort.css HTTP/1.1[0m" 304 -
[2024-02-14 14:25:38,515] INFO in _internal: 127.0.0.1 - - [14/Feb/2024 14:25:38] "[36mGET /static/js/escort.js HTTP/1.1[0m" 304 -
[2024-02-14 14:25:38,545] INFO in _internal: 127.0.0.1 - - [14/Feb/2024 14:25:38] "[36mGET /static/img/1.jpg HTTP/1.1[0m" 304 -
[2024-02-14 14:25:38,546] INFO in _internal: 127.0.0.1 - - [14/Feb/2024 14:25:38] "[36mGET /static/img/3.jpg HTTP/1.1[0m" 304 -
[2024-02-14 14:25:38,547] INFO in _internal: 127.0.0.1 - - [14/Feb/2024 14:25:38] "[36mGET /static/img/2.jpg HTTP/1.1[0m" 304 -
[2024-02-14 14:25:38,548] INFO in _internal: 127.0.0.1 - - [14/Feb/2024 14:25:38] "[36mGET /static/img/4.jpg HTTP/1.1[0m" 304 -
[2024-02-14 14:25:38,550] INFO in _internal: 127.0.0.1 - - [14/Feb/2024 14:25:38] "[36mGET /static/img/19.jpg HTTP/1.1[0m" 304 -
[2024-02-14 14:25:38,551] INFO in _internal: 127.0.0.1 - - [14/Feb/2024 14:25:38] "[36mGET /static/img/20.jpg HTTP/1.1[0m" 304 -
[2024-02-14 14:25:38,551] INFO in _internal: 127.0.0.1 - - [14/Feb/2024 14:25:38] "[36mGET /static/img/21.jpg HTTP/1.1[0m" 304 -
[2024-02-14 14:25:38,554] INFO in _internal: 127.0.0.1 - - [14/Feb/2024 14:25:38] "[36mGET /static/img/22.jpg HTTP/1.1[0m" 304 -
[2024-02-14 14:25:38,554] INFO in _internal: 127.0.0.1 - - [14/Feb/2024 14:25:38] "[36mGET /static/img/23.jpg HTTP/1.1[0m" 304 -
[2024-02-14 14:26:06,556] INFO in _internal: 127.0.0.1 - - [14/Feb/2024 14:26:06] "GET /escort HTTP/1.1" 200 -
[2024-02-14 14:26:06,565] INFO in _internal: 127.0.0.1 - - [14/Feb/2024 14:26:06] "[36mGET /static/css/escort.css HTTP/1.1[0m" 304 -
[2024-02-14 14:26:06,566] INFO in _internal: 127.0.0.1 - - [14/Feb/2024 14:26:06] "[36mGET /static/img/logo.png HTTP/1.1[0m" 304 -
[2024-02-14 14:26:06,567] INFO in _internal: 127.0.0.1 - - [14/Feb/2024 14:26:06] "[36mGET /static/img/area.png HTTP/1.1[0m" 304 -
[2024-02-14 14:26:06,568] INFO in _internal: 127.0.0.1 - - [14/Feb/2024 14:26:06] "[36mGET /static/js/escort.js HTTP/1.1[0m" 304 -
[2024-02-14 14:26:06,593] INFO in _internal: 127.0.0.1 - - [14/Feb/2024 14:26:06] "[36mGET /static/img/1.jpg HTTP/1.1[0m" 304 -
[2024-02-14 14:26:06,596] INFO in _internal: 127.0.0.1 - - [14/Feb/2024 14:26:06] "[36mGET /static/img/2.jpg HTTP/1.1[0m" 304 -
[2024-02-14 14:26:06,596] INFO in _internal: 127.0.0.1 - - [14/Feb/2024 14:26:06] "[36mGET /static/img/3.jpg HTTP/1.1[0m" 304 -
[2024-02-14 14:26:06,597] INFO in _internal: 127.0.0.1 - - [14/Feb/2024 14:26:06] "[36mGET /static/img/4.jpg HTTP/1.1[0m" 304 -
[2024-02-14 14:26:06,600] INFO in _internal: 127.0.0.1 - - [14/Feb/2024 14:26:06] "[36mGET /static/img/19.jpg HTTP/1.1[0m" 304 -
[2024-02-14 14:26:06,600] INFO in _internal: 127.0.0.1 - - [14/Feb/2024 14:26:06] "[36mGET /static/img/20.jpg HTTP/1.1[0m" 304 -
[2024-02-14 14:26:06,600] INFO in _internal: 127.0.0.1 - - [14/Feb/2024 14:26:06] "[36mGET /static/img/21.jpg HTTP/1.1[0m" 304 -
[2024-02-14 14:26:06,601] INFO in _internal: 127.0.0.1 - - [14/Feb/2024 14:26:06] "[36mGET /static/img/22.jpg HTTP/1.1[0m" 304 -
[2024-02-14 14:26:06,602] INFO in _internal: 127.0.0.1 - - [14/Feb/2024 14:26:06] "[36mGET /static/img/23.jpg HTTP/1.1[0m" 304 -
[2024-02-14 14:26:18,272] INFO in _internal: 127.0.0.1 - - [14/Feb/2024 14:26:18] "GET /escort HTTP/1.1" 200 -
[2024-02-14 14:26:18,288] INFO in _internal: 127.0.0.1 - - [14/Feb/2024 14:26:18] "[36mGET /static/css/escort.css HTTP/1.1[0m" 304 -
[2024-02-14 14:26:18,289] INFO in _internal: 127.0.0.1 - - [14/Feb/2024 14:26:18] "[36mGET /static/img/logo.png HTTP/1.1[0m" 304 -
[2024-02-14 14:26:18,289] INFO in _internal: 127.0.0.1 - - [14/Feb/2024 14:26:18] "[36mGET /static/img/area.png HTTP/1.1[0m" 304 -
[2024-02-14 14:26:18,295] INFO in _internal: 127.0.0.1 - - [14/Feb/2024 14:26:18] "[36mGET /static/js/escort.js HTTP/1.1[0m" 304 -
[2024-02-14 14:26:18,344] INFO in _internal: 127.0.0.1 - - [14/Feb/2024 14:26:18] "[36mGET /static/img/1.jpg HTTP/1.1[0m" 304 -
[2024-02-14 14:26:18,344] INFO in _internal: 127.0.0.1 - - [14/Feb/2024 14:26:18] "[36mGET /static/img/3.jpg HTTP/1.1[0m" 304 -
[2024-02-14 14:26:18,345] INFO in _internal: 127.0.0.1 - - [14/Feb/2024 14:26:18] "[36mGET /static/img/2.jpg HTTP/1.1[0m" 304 -
[2024-02-14 14:26:18,346] INFO in _internal: 127.0.0.1 - - [14/Feb/2024 14:26:18] "[36mGET /static/img/4.jpg HTTP/1.1[0m" 304 -
[2024-02-14 14:26:18,349] INFO in _internal: 127.0.0.1 - - [14/Feb/2024 14:26:18] "[36mGET /static/img/19.jpg HTTP/1.1[0m" 304 -
[2024-02-14 14:26:18,351] INFO in _internal: 127.0.0.1 - - [14/Feb/2024 14:26:18] "[36mGET /static/img/20.jpg HTTP/1.1[0m" 304 -
[2024-02-14 14:26:18,352] INFO in _internal: 127.0.0.1 - - [14/Feb/2024 14:26:18] "[36mGET /static/img/21.jpg HTTP/1.1[0m" 304 -
[2024-02-14 14:26:18,352] INFO in _internal: 127.0.0.1 - - [14/Feb/2024 14:26:18] "[36mGET /static/img/22.jpg HTTP/1.1[0m" 304 -
[2024-02-14 14:26:18,354] INFO in _internal: 127.0.0.1 - - [14/Feb/2024 14:26:18] "[36mGET /static/img/23.jpg HTTP/1.1[0m" 304 -
[2024-02-14 14:26:20,313] INFO in _internal: 127.0.0.1 - - [14/Feb/2024 14:26:20] "GET /escort HTTP/1.1" 200 -
[2024-02-14 14:26:20,327] INFO in _internal: 127.0.0.1 - - [14/Feb/2024 14:26:20] "[36mGET /static/img/logo.png HTTP/1.1[0m" 304 -
[2024-02-14 14:26:20,327] INFO in _internal: 127.0.0.1 - - [14/Feb/2024 14:26:20] "[36mGET /static/css/escort.css HTTP/1.1[0m" 304 -
[2024-02-14 14:26:20,328] INFO in _internal: 127.0.0.1 - - [14/Feb/2024 14:26:20] "[36mGET /static/img/area.png HTTP/1.1[0m" 304 -
[2024-02-14 14:26:20,331] INFO in _internal: 127.0.0.1 - - [14/Feb/2024 14:26:20] "[36mGET /static/js/escort.js HTTP/1.1[0m" 304 -
[2024-02-14 14:26:20,374] INFO in _internal: 127.0.0.1 - - [14/Feb/2024 14:26:20] "[36mGET /static/img/1.jpg HTTP/1.1[0m" 304 -
[2024-02-14 14:26:20,375] INFO in _internal: 127.0.0.1 - - [14/Feb/2024 14:26:20] "[36mGET /static/img/2.jpg HTTP/1.1[0m" 304 -
[2024-02-14 14:26:20,377] INFO in _internal: 127.0.0.1 - - [14/Feb/2024 14:26:20] "[36mGET /static/img/3.jpg HTTP/1.1[0m" 304 -
[2024-02-14 14:26:20,378] INFO in _internal: 127.0.0.1 - - [14/Feb/2024 14:26:20] "[36mGET /static/img/4.jpg HTTP/1.1[0m" 304 -
[2024-02-14 14:26:20,381] INFO in _internal: 127.0.0.1 - - [14/Feb/2024 14:26:20] "[36mGET /static/img/20.jpg HTTP/1.1[0m" 304 -
[2024-02-14 14:26:20,381] INFO in _internal: 127.0.0.1 - - [14/Feb/2024 14:26:20] "[36mGET /static/img/19.jpg HTTP/1.1[0m" 304 -
[2024-02-14 14:26:20,382] INFO in _internal: 127.0.0.1 - - [14/Feb/2024 14:26:20] "[36mGET /static/img/21.jpg HTTP/1.1[0m" 304 -
[2024-02-14 14:26:20,385] INFO in _internal: 127.0.0.1 - - [14/Feb/2024 14:26:20] "[36mGET /static/img/23.jpg HTTP/1.1[0m" 304 -
[2024-02-14 14:26:20,385] INFO in _internal: 127.0.0.1 - - [14/Feb/2024 14:26:20] "[36mGET /static/img/22.jpg HTTP/1.1[0m" 304 -
[2024-02-14 14:26:38,273] INFO in _internal: 127.0.0.1 - - [14/Feb/2024 14:26:38] "GET /escort HTTP/1.1" 200 -
[2024-02-14 14:26:38,281] INFO in _internal: 127.0.0.1 - - [14/Feb/2024 14:26:38] "[36mGET /static/css/escort.css HTTP/1.1[0m" 304 -
[2024-02-14 14:26:38,282] INFO in _internal: 127.0.0.1 - - [14/Feb/2024 14:26:38] "[36mGET /static/img/logo.png HTTP/1.1[0m" 304 -
[2024-02-14 14:26:38,283] INFO in _internal: 127.0.0.1 - - [14/Feb/2024 14:26:38] "[36mGET /static/img/area.png HTTP/1.1[0m" 304 -
[2024-02-14 14:26:38,285] INFO in _internal: 127.0.0.1 - - [14/Feb/2024 14:26:38] "GET /static/js/escort.js HTTP/1.1" 200 -
[2024-02-14 14:26:38,312] INFO in _internal: 127.0.0.1 - - [14/Feb/2024 14:26:38] "[36mGET /static/img/1.jpg HTTP/1.1[0m" 304 -
[2024-02-14 14:26:38,314] INFO in _internal: 127.0.0.1 - - [14/Feb/2024 14:26:38] "[36mGET /static/img/3.jpg HTTP/1.1[0m" 304 -
[2024-02-14 14:26:38,314] INFO in _internal: 127.0.0.1 - - [14/Feb/2024 14:26:38] "[36mGET /static/img/2.jpg HTTP/1.1[0m" 304 -
[2024-02-14 14:26:38,315] INFO in _internal: 127.0.0.1 - - [14/Feb/2024 14:26:38] "[36mGET /static/img/4.jpg HTTP/1.1[0m" 304 -
[2024-02-14 14:26:38,316] INFO in _internal: 127.0.0.1 - - [14/Feb/2024 14:26:38] "[36mGET /static/img/19.jpg HTTP/1.1[0m" 304 -
[2024-02-14 14:26:38,319] INFO in _internal: 127.0.0.1 - - [14/Feb/2024 14:26:38] "[36mGET /static/img/23.jpg HTTP/1.1[0m" 304 -
[2024-02-14 14:26:38,319] INFO in _internal: 127.0.0.1 - - [14/Feb/2024 14:26:38] "[36mGET /static/img/22.jpg HTTP/1.1[0m" 304 -
[2024-02-14 14:26:38,320] INFO in _internal: 127.0.0.1 - - [14/Feb/2024 14:26:38] "[36mGET /static/img/20.jpg HTTP/1.1[0m" 304 -
[2024-02-14 14:26:38,321] INFO in _internal: 127.0.0.1 - - [14/Feb/2024 14:26:38] "[36mGET /static/img/21.jpg HTTP/1.1[0m" 304 -
[2024-02-14 14:26:38,680] INFO in _internal: 127.0.0.1 - - [14/Feb/2024 14:26:38] "GET /escort HTTP/1.1" 200 -
[2024-02-14 14:26:38,694] INFO in _internal: 127.0.0.1 - - [14/Feb/2024 14:26:38] "[36mGET /static/css/escort.css HTTP/1.1[0m" 304 -
[2024-02-14 14:26:38,695] INFO in _internal: 127.0.0.1 - - [14/Feb/2024 14:26:38] "[36mGET /static/img/logo.png HTTP/1.1[0m" 304 -
[2024-02-14 14:26:38,695] INFO in _internal: 127.0.0.1 - - [14/Feb/2024 14:26:38] "[36mGET /static/img/area.png HTTP/1.1[0m" 304 -
[2024-02-14 14:26:38,700] INFO in _internal: 127.0.0.1 - - [14/Feb/2024 14:26:38] "[36mGET /static/js/escort.js HTTP/1.1[0m" 304 -
[2024-02-14 14:26:38,737] INFO in _internal: 127.0.0.1 - - [14/Feb/2024 14:26:38] "[36mGET /static/img/2.jpg HTTP/1.1[0m" 304 -
[2024-02-14 14:26:38,737] INFO in _internal: 127.0.0.1 - - [14/Feb/2024 14:26:38] "[36mGET /static/img/1.jpg HTTP/1.1[0m" 304 -
[2024-02-14 14:26:38,738] INFO in _internal: 127.0.0.1 - - [14/Feb/2024 14:26:38] "[36mGET /static/img/3.jpg HTTP/1.1[0m" 304 -
[2024-02-14 14:26:38,740] INFO in _internal: 127.0.0.1 - - [14/Feb/2024 14:26:38] "[36mGET /static/img/4.jpg HTTP/1.1[0m" 304 -
[2024-02-14 14:26:38,742] INFO in _internal: 127.0.0.1 - - [14/Feb/2024 14:26:38] "[36mGET /static/img/19.jpg HTTP/1.1[0m" 304 -
[2024-02-14 14:26:38,745] INFO in _internal: 127.0.0.1 - - [14/Feb/2024 14:26:38] "[36mGET /static/img/20.jpg HTTP/1.1[0m" 304 -
[2024-02-14 14:26:38,746] INFO in _internal: 127.0.0.1 - - [14/Feb/2024 14:26:38] "[36mGET /static/img/21.jpg HTTP/1.1[0m" 304 -
[2024-02-14 14:26:38,747] INFO in _internal: 127.0.0.1 - - [14/Feb/2024 14:26:38] "[36mGET /static/img/23.jpg HTTP/1.1[0m" 304 -
[2024-02-14 14:26:38,747] INFO in _internal: 127.0.0.1 - - [14/Feb/2024 14:26:38] "[36mGET /static/img/22.jpg HTTP/1.1[0m" 304 -
[2024-02-14 14:27:34,313] INFO in _internal: 127.0.0.1 - - [14/Feb/2024 14:27:34] "GET /escort HTTP/1.1" 200 -
[2024-02-14 14:27:34,330] INFO in _internal: 127.0.0.1 - - [14/Feb/2024 14:27:34] "[36mGET /static/css/escort.css HTTP/1.1[0m" 304 -
[2024-02-14 14:27:34,330] INFO in _internal: 127.0.0.1 - - [14/Feb/2024 14:27:34] "[36mGET /static/img/logo.png HTTP/1.1[0m" 304 -
[2024-02-14 14:27:34,331] INFO in _internal: 127.0.0.1 - - [14/Feb/2024 14:27:34] "[36mGET /static/img/area.png HTTP/1.1[0m" 304 -
[2024-02-14 14:27:34,335] INFO in _internal: 127.0.0.1 - - [14/Feb/2024 14:27:34] "GET /static/js/escort.js HTTP/1.1" 200 -
[2024-02-14 14:27:34,365] INFO in _internal: 127.0.0.1 - - [14/Feb/2024 14:27:34] "[36mGET /static/img/1.jpg HTTP/1.1[0m" 304 -
[2024-02-14 14:27:34,367] INFO in _internal: 127.0.0.1 - - [14/Feb/2024 14:27:34] "[36mGET /static/img/3.jpg HTTP/1.1[0m" 304 -
[2024-02-14 14:27:34,368] INFO in _internal: 127.0.0.1 - - [14/Feb/2024 14:27:34] "[36mGET /static/img/2.jpg HTTP/1.1[0m" 304 -
[2024-02-14 14:27:34,368] INFO in _internal: 127.0.0.1 - - [14/Feb/2024 14:27:34] "[36mGET /static/img/4.jpg HTTP/1.1[0m" 304 -
[2024-02-14 14:27:34,370] INFO in _internal: 127.0.0.1 - - [14/Feb/2024 14:27:34] "[36mGET /static/img/19.jpg HTTP/1.1[0m" 304 -
[2024-02-14 14:27:34,373] INFO in _internal: 127.0.0.1 - - [14/Feb/2024 14:27:34] "[36mGET /static/img/20.jpg HTTP/1.1[0m" 304 -
[2024-02-14 14:27:34,374] INFO in _internal: 127.0.0.1 - - [14/Feb/2024 14:27:34] "[36mGET /static/img/21.jpg HTTP/1.1[0m" 304 -
[2024-02-14 14:27:34,375] INFO in _internal: 127.0.0.1 - - [14/Feb/2024 14:27:34] "[36mGET /static/img/22.jpg HTTP/1.1[0m" 304 -
[2024-02-14 14:27:34,376] INFO in _internal: 127.0.0.1 - - [14/Feb/2024 14:27:34] "[36mGET /static/img/23.jpg HTTP/1.1[0m" 304 -
[2024-02-14 14:28:01,889] INFO in _internal: 127.0.0.1 - - [14/Feb/2024 14:28:01] "GET /escort HTTP/1.1" 200 -
[2024-02-14 14:28:01,897] INFO in _internal: 127.0.0.1 - - [14/Feb/2024 14:28:01] "[36mGET /static/css/escort.css HTTP/1.1[0m" 304 -
[2024-02-14 14:28:01,897] INFO in _internal: 127.0.0.1 - - [14/Feb/2024 14:28:01] "[36mGET /static/img/logo.png HTTP/1.1[0m" 304 -
[2024-02-14 14:28:01,899] INFO in _internal: 127.0.0.1 - - [14/Feb/2024 14:28:01] "[36mGET /static/img/area.png HTTP/1.1[0m" 304 -
[2024-02-14 14:28:01,900] INFO in _internal: 127.0.0.1 - - [14/Feb/2024 14:28:01] "GET /static/js/escort.js HTTP/1.1" 200 -
[2024-02-14 14:28:01,940] INFO in _internal: 127.0.0.1 - - [14/Feb/2024 14:28:01] "[36mGET /static/img/2.jpg HTTP/1.1[0m" 304 -
[2024-02-14 14:28:01,942] INFO in _internal: 127.0.0.1 - - [14/Feb/2024 14:28:01] "[36mGET /static/img/20.jpg HTTP/1.1[0m" 304 -
[2024-02-14 14:28:01,943] INFO in _internal: 127.0.0.1 - - [14/Feb/2024 14:28:01] "[36mGET /static/img/4.jpg HTTP/1.1[0m" 304 -
[2024-02-14 14:28:01,943] INFO in _internal: 127.0.0.1 - - [14/Feb/2024 14:28:01] "[36mGET /static/img/19.jpg HTTP/1.1[0m" 304 -
[2024-02-14 14:28:01,944] INFO in _internal: 127.0.0.1 - - [14/Feb/2024 14:28:01] "[36mGET /static/img/21.jpg HTTP/1.1[0m" 304 -
[2024-02-14 14:28:01,944] INFO in _internal: 127.0.0.1 - - [14/Feb/2024 14:28:01] "[36mGET /static/img/3.jpg HTTP/1.1[0m" 304 -
[2024-02-14 14:28:01,945] INFO in _internal: 127.0.0.1 - - [14/Feb/2024 14:28:01] "[36mGET /static/img/1.jpg HTTP/1.1[0m" 304 -
[2024-02-14 14:28:01,946] INFO in _internal: 127.0.0.1 - - [14/Feb/2024 14:28:01] "[36mGET /static/img/22.jpg HTTP/1.1[0m" 304 -
[2024-02-14 14:28:01,946] INFO in _internal: 127.0.0.1 - - [14/Feb/2024 14:28:01] "[36mGET /static/img/23.jpg HTTP/1.1[0m" 304 -
[2024-02-14 14:28:02,396] INFO in _internal: 127.0.0.1 - - [14/Feb/2024 14:28:02] "GET /escort HTTP/1.1" 200 -
[2024-02-14 14:28:02,411] INFO in _internal: 127.0.0.1 - - [14/Feb/2024 14:28:02] "[36mGET /static/img/logo.png HTTP/1.1[0m" 304 -
[2024-02-14 14:28:02,411] INFO in _internal: 127.0.0.1 - - [14/Feb/2024 14:28:02] "[36mGET /static/img/area.png HTTP/1.1[0m" 304 -
[2024-02-14 14:28:02,412] INFO in _internal: 127.0.0.1 - - [14/Feb/2024 14:28:02] "[36mGET /static/css/escort.css HTTP/1.1[0m" 304 -
[2024-02-14 14:28:02,416] INFO in _internal: 127.0.0.1 - - [14/Feb/2024 14:28:02] "[36mGET /static/js/escort.js HTTP/1.1[0m" 304 -
[2024-02-14 14:28:02,448] INFO in _internal: 127.0.0.1 - - [14/Feb/2024 14:28:02] "[36mGET /static/img/2.jpg HTTP/1.1[0m" 304 -
[2024-02-14 14:28:02,448] INFO in _internal: 127.0.0.1 - - [14/Feb/2024 14:28:02] "[36mGET /static/img/1.jpg HTTP/1.1[0m" 304 -
[2024-02-14 14:28:02,450] INFO in _internal: 127.0.0.1 - - [14/Feb/2024 14:28:02] "[36mGET /static/img/3.jpg HTTP/1.1[0m" 304 -
[2024-02-14 14:28:02,452] INFO in _internal: 127.0.0.1 - - [14/Feb/2024 14:28:02] "[36mGET /static/img/4.jpg HTTP/1.1[0m" 304 -
[2024-02-14 14:28:02,452] INFO in _internal: 127.0.0.1 - - [14/Feb/2024 14:28:02] "[36mGET /static/img/19.jpg HTTP/1.1[0m" 304 -
[2024-02-14 14:28:02,455] INFO in _internal: 127.0.0.1 - - [14/Feb/2024 14:28:02] "[36mGET /static/img/20.jpg HTTP/1.1[0m" 304 -
[2024-02-14 14:28:02,455] INFO in _internal: 127.0.0.1 - - [14/Feb/2024 14:28:02] "[36mGET /static/img/21.jpg HTTP/1.1[0m" 304 -
[2024-02-14 14:28:02,457] INFO in _internal: 127.0.0.1 - - [14/Feb/2024 14:28:02] "[36mGET /static/img/22.jpg HTTP/1.1[0m" 304 -
[2024-02-14 14:28:02,458] INFO in _internal: 127.0.0.1 - - [14/Feb/2024 14:28:02] "[36mGET /static/img/23.jpg HTTP/1.1[0m" 304 -
[2024-02-14 14:28:13,379] INFO in _internal: 127.0.0.1 - - [14/Feb/2024 14:28:13] "GET /escort HTTP/1.1" 200 -
[2024-02-14 14:28:13,394] INFO in _internal: 127.0.0.1 - - [14/Feb/2024 14:28:13] "GET /static/css/escort.css HTTP/1.1" 200 -
[2024-02-14 14:28:13,396] INFO in _internal: 127.0.0.1 - - [14/Feb/2024 14:28:13] "GET /static/img/area.png HTTP/1.1" 200 -
[2024-02-14 14:28:13,396] INFO in _internal: 127.0.0.1 - - [14/Feb/2024 14:28:13] "[36mGET /static/img/logo.png HTTP/1.1[0m" 304 -
[2024-02-14 14:28:13,401] INFO in _internal: 127.0.0.1 - - [14/Feb/2024 14:28:13] "GET /static/js/escort.js HTTP/1.1" 200 -
[2024-02-14 14:28:13,752] INFO in _internal: 127.0.0.1 - - [14/Feb/2024 14:28:13] "GET /static/img/1.jpg HTTP/1.1" 200 -
[2024-02-14 14:28:13,753] INFO in _internal: 127.0.0.1 - - [14/Feb/2024 14:28:13] "GET /static/img/3.jpg HTTP/1.1" 200 -
[2024-02-14 14:28:13,754] INFO in _internal: 127.0.0.1 - - [14/Feb/2024 14:28:13] "GET /static/img/19.jpg HTTP/1.1" 200 -
[2024-02-14 14:28:13,754] INFO in _internal: 127.0.0.1 - - [14/Feb/2024 14:28:13] "GET /static/img/4.jpg HTTP/1.1" 200 -
[2024-02-14 14:28:13,754] INFO in _internal: 127.0.0.1 - - [14/Feb/2024 14:28:13] "GET /static/img/20.jpg HTTP/1.1" 200 -
[2024-02-14 14:28:13,754] INFO in _internal: 127.0.0.1 - - [14/Feb/2024 14:28:13] "GET /static/img/2.jpg HTTP/1.1" 200 -
[2024-02-14 14:28:13,764] INFO in _internal: 127.0.0.1 - - [14/Feb/2024 14:28:13] "GET /static/img/21.jpg HTTP/1.1" 200 -
[2024-02-14 14:28:13,764] INFO in _internal: 127.0.0.1 - - [14/Feb/2024 14:28:13] "GET /static/img/22.jpg HTTP/1.1" 200 -
[2024-02-14 14:28:13,769] INFO in _internal: 127.0.0.1 - - [14/Feb/2024 14:28:13] "GET /static/img/23.jpg HTTP/1.1" 200 -
[2024-02-14 14:28:22,306] INFO in _internal: 127.0.0.1 - - [14/Feb/2024 14:28:22] "GET /escort HTTP/1.1" 200 -
[2024-02-14 14:28:22,314] INFO in _internal: 127.0.0.1 - - [14/Feb/2024 14:28:22] "[36mGET /static/css/escort.css HTTP/1.1[0m" 304 -
[2024-02-14 14:28:22,315] INFO in _internal: 127.0.0.1 - - [14/Feb/2024 14:28:22] "[36mGET /static/img/logo.png HTTP/1.1[0m" 304 -
[2024-02-14 14:28:22,315] INFO in _internal: 127.0.0.1 - - [14/Feb/2024 14:28:22] "[36mGET /static/img/area.png HTTP/1.1[0m" 304 -
[2024-02-14 14:28:22,318] INFO in _internal: 127.0.0.1 - - [14/Feb/2024 14:28:22] "GET /static/js/escort.js HTTP/1.1" 200 -
[2024-02-14 14:28:22,353] INFO in _internal: 127.0.0.1 - - [14/Feb/2024 14:28:22] "[36mGET /static/img/2.jpg HTTP/1.1[0m" 304 -
[2024-02-14 14:28:22,354] INFO in _internal: 127.0.0.1 - - [14/Feb/2024 14:28:22] "[36mGET /static/img/1.jpg HTTP/1.1[0m" 304 -
[2024-02-14 14:28:22,356] INFO in _internal: 127.0.0.1 - - [14/Feb/2024 14:28:22] "[36mGET /static/img/3.jpg HTTP/1.1[0m" 304 -
[2024-02-14 14:28:22,357] INFO in _internal: 127.0.0.1 - - [14/Feb/2024 14:28:22] "[36mGET /static/img/4.jpg HTTP/1.1[0m" 304 -
[2024-02-14 14:28:22,358] INFO in _internal: 127.0.0.1 - - [14/Feb/2024 14:28:22] "[36mGET /static/img/19.jpg HTTP/1.1[0m" 304 -
[2024-02-14 14:28:22,359] INFO in _internal: 127.0.0.1 - - [14/Feb/2024 14:28:22] "[36mGET /static/img/20.jpg HTTP/1.1[0m" 304 -
[2024-02-14 14:28:22,361] INFO in _internal: 127.0.0.1 - - [14/Feb/2024 14:28:22] "[36mGET /static/img/21.jpg HTTP/1.1[0m" 304 -
[2024-02-14 14:28:22,362] INFO in _internal: 127.0.0.1 - - [14/Feb/2024 14:28:22] "[36mGET /static/img/22.jpg HTTP/1.1[0m" 304 -
[2024-02-14 14:28:22,363] INFO in _internal: 127.0.0.1 - - [14/Feb/2024 14:28:22] "[36mGET /static/img/23.jpg HTTP/1.1[0m" 304 -
[2024-02-14 14:28:57,791] INFO in _internal: 127.0.0.1 - - [14/Feb/2024 14:28:57] "[36mGET /static/css/escort.css HTTP/1.1[0m" 304 -
[2024-02-14 14:30:18,259] INFO in _internal: 127.0.0.1 - - [14/Feb/2024 14:30:18] "GET /escort HTTP/1.1" 200 -
[2024-02-14 14:30:18,270] INFO in _internal: 127.0.0.1 - - [14/Feb/2024 14:30:18] "[36mGET /static/img/logo.png HTTP/1.1[0m" 304 -
[2024-02-14 14:30:18,271] INFO in _internal: 127.0.0.1 - - [14/Feb/2024 14:30:18] "[36mGET /static/css/escort.css HTTP/1.1[0m" 304 -
[2024-02-14 14:30:18,271] INFO in _internal: 127.0.0.1 - - [14/Feb/2024 14:30:18] "[36mGET /static/img/area.png HTTP/1.1[0m" 304 -
[2024-02-14 14:30:18,274] INFO in _internal: 127.0.0.1 - - [14/Feb/2024 14:30:18] "GET /static/js/escort.js HTTP/1.1" 200 -
[2024-02-14 14:30:18,320] INFO in _internal: 127.0.0.1 - - [14/Feb/2024 14:30:18] "[36mGET /static/img/2.jpg HTTP/1.1[0m" 304 -
[2024-02-14 14:30:18,321] INFO in _internal: 127.0.0.1 - - [14/Feb/2024 14:30:18] "[36mGET /static/img/3.jpg HTTP/1.1[0m" 304 -
[2024-02-14 14:30:18,324] INFO in _internal: 127.0.0.1 - - [14/Feb/2024 14:30:18] "[36mGET /static/img/1.jpg HTTP/1.1[0m" 304 -
[2024-02-14 14:30:18,326] INFO in _internal: 127.0.0.1 - - [14/Feb/2024 14:30:18] "[36mGET /static/img/19.jpg HTTP/1.1[0m" 304 -
[2024-02-14 14:30:18,329] INFO in _internal: 127.0.0.1 - - [14/Feb/2024 14:30:18] "[36mGET /static/img/4.jpg HTTP/1.1[0m" 304 -
[2024-02-14 14:30:18,330] INFO in _internal: 127.0.0.1 - - [14/Feb/2024 14:30:18] "[36mGET /static/img/21.jpg HTTP/1.1[0m" 304 -
[2024-02-14 14:30:18,330] INFO in _internal: 127.0.0.1 - - [14/Feb/2024 14:30:18] "[36mGET /static/img/20.jpg HTTP/1.1[0m" 304 -
[2024-02-14 14:30:18,332] INFO in _internal: 127.0.0.1 - - [14/Feb/2024 14:30:18] "[36mGET /static/img/22.jpg HTTP/1.1[0m" 304 -
[2024-02-14 14:30:18,332] INFO in _internal: 127.0.0.1 - - [14/Feb/2024 14:30:18] "[36mGET /static/img/23.jpg HTTP/1.1[0m" 304 -
[2024-02-14 14:33:03,957] INFO in _internal: 127.0.0.1 - - [14/Feb/2024 14:33:03] "GET /escort HTTP/1.1" 200 -
[2024-02-14 14:33:03,968] INFO in _internal: 127.0.0.1 - - [14/Feb/2024 14:33:03] "[36mGET /static/img/logo.png HTTP/1.1[0m" 304 -
[2024-02-14 14:33:03,968] INFO in _internal: 127.0.0.1 - - [14/Feb/2024 14:33:03] "[36mGET /static/css/escort.css HTTP/1.1[0m" 304 -
[2024-02-14 14:33:03,969] INFO in _internal: 127.0.0.1 - - [14/Feb/2024 14:33:03] "[36mGET /static/img/area.png HTTP/1.1[0m" 304 -
[2024-02-14 14:33:03,972] INFO in _internal: 127.0.0.1 - - [14/Feb/2024 14:33:03] "GET /static/js/escort.js HTTP/1.1" 200 -
[2024-02-14 14:33:04,006] INFO in _internal: 127.0.0.1 - - [14/Feb/2024 14:33:04] "[36mGET /static/img/2.jpg HTTP/1.1[0m" 304 -
[2024-02-14 14:33:04,007] INFO in _internal: 127.0.0.1 - - [14/Feb/2024 14:33:04] "[36mGET /static/img/1.jpg HTTP/1.1[0m" 304 -
[2024-02-14 14:33:04,011] INFO in _internal: 127.0.0.1 - - [14/Feb/2024 14:33:04] "[36mGET /static/img/4.jpg HTTP/1.1[0m" 304 -
[2024-02-14 14:33:04,011] INFO in _internal: 127.0.0.1 - - [14/Feb/2024 14:33:04] "[36mGET /static/img/3.jpg HTTP/1.1[0m" 304 -
[2024-02-14 14:33:04,011] INFO in _internal: 127.0.0.1 - - [14/Feb/2024 14:33:04] "[36mGET /static/img/19.jpg HTTP/1.1[0m" 304 -
[2024-02-14 14:33:04,013] INFO in _internal: 127.0.0.1 - - [14/Feb/2024 14:33:04] "[36mGET /static/img/20.jpg HTTP/1.1[0m" 304 -
[2024-02-14 14:33:04,014] INFO in _internal: 127.0.0.1 - - [14/Feb/2024 14:33:04] "[36mGET /static/img/21.jpg HTTP/1.1[0m" 304 -
[2024-02-14 14:33:04,014] INFO in _internal: 127.0.0.1 - - [14/Feb/2024 14:33:04] "[36mGET /static/img/22.jpg HTTP/1.1[0m" 304 -
[2024-02-14 14:33:04,015] INFO in _internal: 127.0.0.1 - - [14/Feb/2024 14:33:04] "[36mGET /static/img/23.jpg HTTP/1.1[0m" 304 -
[2024-02-14 14:33:11,048] INFO in _internal: 127.0.0.1 - - [14/Feb/2024 14:33:11] "GET /escort HTTP/1.1" 200 -
[2024-02-14 14:33:11,064] INFO in _internal: 127.0.0.1 - - [14/Feb/2024 14:33:11] "[36mGET /static/img/logo.png HTTP/1.1[0m" 304 -
[2024-02-14 14:33:11,065] INFO in _internal: 127.0.0.1 - - [14/Feb/2024 14:33:11] "[36mGET /static/img/area.png HTTP/1.1[0m" 304 -
[2024-02-14 14:33:11,065] INFO in _internal: 127.0.0.1 - - [14/Feb/2024 14:33:11] "[36mGET /static/css/escort.css HTTP/1.1[0m" 304 -
[2024-02-14 14:33:11,070] INFO in _internal: 127.0.0.1 - - [14/Feb/2024 14:33:11] "[36mGET /static/js/escort.js HTTP/1.1[0m" 304 -
[2024-02-14 14:33:11,125] INFO in _internal: 127.0.0.1 - - [14/Feb/2024 14:33:11] "[36mGET /static/img/1.jpg HTTP/1.1[0m" 304 -
[2024-02-14 14:33:11,126] INFO in _internal: 127.0.0.1 - - [14/Feb/2024 14:33:11] "[36mGET /static/img/2.jpg HTTP/1.1[0m" 304 -
[2024-02-14 14:33:11,126] INFO in _internal: 127.0.0.1 - - [14/Feb/2024 14:33:11] "[36mGET /static/img/3.jpg HTTP/1.1[0m" 304 -
[2024-02-14 14:33:11,129] INFO in _internal: 127.0.0.1 - - [14/Feb/2024 14:33:11] "[36mGET /static/img/4.jpg HTTP/1.1[0m" 304 -
[2024-02-14 14:33:11,130] INFO in _internal: 127.0.0.1 - - [14/Feb/2024 14:33:11] "[36mGET /static/img/19.jpg HTTP/1.1[0m" 304 -
[2024-02-14 14:33:11,132] INFO in _internal: 127.0.0.1 - - [14/Feb/2024 14:33:11] "[36mGET /static/img/20.jpg HTTP/1.1[0m" 304 -
[2024-02-14 14:33:11,134] INFO in _internal: 127.0.0.1 - - [14/Feb/2024 14:33:11] "[36mGET /static/img/21.jpg HTTP/1.1[0m" 304 -
[2024-02-14 14:33:11,135] INFO in _internal: 127.0.0.1 - - [14/Feb/2024 14:33:11] "[36mGET /static/img/22.jpg HTTP/1.1[0m" 304 -
[2024-02-14 14:33:11,137] INFO in _internal: 127.0.0.1 - - [14/Feb/2024 14:33:11] "[36mGET /static/img/23.jpg HTTP/1.1[0m" 304 -
[2024-02-14 14:33:16,431] INFO in _internal: 127.0.0.1 - - [14/Feb/2024 14:33:16] "GET /escort HTTP/1.1" 200 -
[2024-02-14 14:33:16,448] INFO in _internal: 127.0.0.1 - - [14/Feb/2024 14:33:16] "[36mGET /static/css/escort.css HTTP/1.1[0m" 304 -
[2024-02-14 14:33:16,449] INFO in _internal: 127.0.0.1 - - [14/Feb/2024 14:33:16] "[36mGET /static/img/area.png HTTP/1.1[0m" 304 -
[2024-02-14 14:33:16,450] INFO in _internal: 127.0.0.1 - - [14/Feb/2024 14:33:16] "[36mGET /static/img/logo.png HTTP/1.1[0m" 304 -
[2024-02-14 14:33:16,455] INFO in _internal: 127.0.0.1 - - [14/Feb/2024 14:33:16] "[36mGET /static/js/escort.js HTTP/1.1[0m" 304 -
[2024-02-14 14:33:16,485] INFO in _internal: 127.0.0.1 - - [14/Feb/2024 14:33:16] "[36mGET /static/img/1.jpg HTTP/1.1[0m" 304 -
[2024-02-14 14:33:16,488] INFO in _internal: 127.0.0.1 - - [14/Feb/2024 14:33:16] "[36mGET /static/img/2.jpg HTTP/1.1[0m" 304 -
[2024-02-14 14:33:16,490] INFO in _internal: 127.0.0.1 - - [14/Feb/2024 14:33:16] "[36mGET /static/img/3.jpg HTTP/1.1[0m" 304 -
[2024-02-14 14:33:16,492] INFO in _internal: 127.0.0.1 - - [14/Feb/2024 14:33:16] "[36mGET /static/img/4.jpg HTTP/1.1[0m" 304 -
[2024-02-14 14:33:16,495] INFO in _internal: 127.0.0.1 - - [14/Feb/2024 14:33:16] "[36mGET /static/img/19.jpg HTTP/1.1[0m" 304 -
[2024-02-14 14:33:16,497] INFO in _internal: 127.0.0.1 - - [14/Feb/2024 14:33:16] "[36mGET /static/img/20.jpg HTTP/1.1[0m" 304 -
[2024-02-14 14:33:16,498] INFO in _internal: 127.0.0.1 - - [14/Feb/2024 14:33:16] "[36mGET /static/img/21.jpg HTTP/1.1[0m" 304 -
[2024-02-14 14:33:16,498] INFO in _internal: 127.0.0.1 - - [14/Feb/2024 14:33:16] "[36mGET /static/img/22.jpg HTTP/1.1[0m" 304 -
[2024-02-14 14:33:16,500] INFO in _internal: 127.0.0.1 - - [14/Feb/2024 14:33:16] "[36mGET /static/img/23.jpg HTTP/1.1[0m" 304 -
[2024-02-14 14:33:21,969] INFO in _internal: 127.0.0.1 - - [14/Feb/2024 14:33:21] "GET /escort HTTP/1.1" 200 -
[2024-02-14 14:33:21,983] INFO in _internal: 127.0.0.1 - - [14/Feb/2024 14:33:21] "[36mGET /static/css/escort.css HTTP/1.1[0m" 304 -
[2024-02-14 14:33:21,983] INFO in _internal: 127.0.0.1 - - [14/Feb/2024 14:33:21] "[36mGET /static/img/logo.png HTTP/1.1[0m" 304 -
[2024-02-14 14:33:21,985] INFO in _internal: 127.0.0.1 - - [14/Feb/2024 14:33:21] "[36mGET /static/img/area.png HTTP/1.1[0m" 304 -
[2024-02-14 14:33:21,990] INFO in _internal: 127.0.0.1 - - [14/Feb/2024 14:33:21] "[36mGET /static/js/escort.js HTTP/1.1[0m" 304 -
[2024-02-14 14:33:22,027] INFO in _internal: 127.0.0.1 - - [14/Feb/2024 14:33:22] "[36mGET /static/img/2.jpg HTTP/1.1[0m" 304 -
[2024-02-14 14:33:22,028] INFO in _internal: 127.0.0.1 - - [14/Feb/2024 14:33:22] "[36mGET /static/img/1.jpg HTTP/1.1[0m" 304 -
[2024-02-14 14:33:22,028] INFO in _internal: 127.0.0.1 - - [14/Feb/2024 14:33:22] "[36mGET /static/img/3.jpg HTTP/1.1[0m" 304 -
[2024-02-14 14:33:22,031] INFO in _internal: 127.0.0.1 - - [14/Feb/2024 14:33:22] "[36mGET /static/img/4.jpg HTTP/1.1[0m" 304 -
[2024-02-14 14:33:22,034] INFO in _internal: 127.0.0.1 - - [14/Feb/2024 14:33:22] "[36mGET /static/img/19.jpg HTTP/1.1[0m" 304 -
[2024-02-14 14:33:22,037] INFO in _internal: 127.0.0.1 - - [14/Feb/2024 14:33:22] "[36mGET /static/img/20.jpg HTTP/1.1[0m" 304 -
[2024-02-14 14:33:22,040] INFO in _internal: 127.0.0.1 - - [14/Feb/2024 14:33:22] "[36mGET /static/img/21.jpg HTTP/1.1[0m" 304 -
[2024-02-14 14:33:22,041] INFO in _internal: 127.0.0.1 - - [14/Feb/2024 14:33:22] "[36mGET /static/img/22.jpg HTTP/1.1[0m" 304 -
[2024-02-14 14:33:22,043] INFO in _internal: 127.0.0.1 - - [14/Feb/2024 14:33:22] "[36mGET /static/img/23.jpg HTTP/1.1[0m" 304 -
[2024-02-14 14:33:29,357] INFO in _internal: 127.0.0.1 - - [14/Feb/2024 14:33:29] "GET /escort HTTP/1.1" 200 -
[2024-02-14 14:33:29,368] INFO in _internal: 127.0.0.1 - - [14/Feb/2024 14:33:29] "[36mGET /static/css/escort.css HTTP/1.1[0m" 304 -
[2024-02-14 14:33:29,368] INFO in _internal: 127.0.0.1 - - [14/Feb/2024 14:33:29] "[36mGET /static/img/area.png HTTP/1.1[0m" 304 -
[2024-02-14 14:33:29,368] INFO in _internal: 127.0.0.1 - - [14/Feb/2024 14:33:29] "[36mGET /static/img/logo.png HTTP/1.1[0m" 304 -
[2024-02-14 14:33:29,371] INFO in _internal: 127.0.0.1 - - [14/Feb/2024 14:33:29] "[36mGET /static/js/escort.js HTTP/1.1[0m" 304 -
[2024-02-14 14:33:29,447] INFO in _internal: 127.0.0.1 - - [14/Feb/2024 14:33:29] "[36mGET /static/img/3.jpg HTTP/1.1[0m" 304 -
[2024-02-14 14:33:29,448] INFO in _internal: 127.0.0.1 - - [14/Feb/2024 14:33:29] "[36mGET /static/img/1.jpg HTTP/1.1[0m" 304 -
[2024-02-14 14:33:29,450] INFO in _internal: 127.0.0.1 - - [14/Feb/2024 14:33:29] "[36mGET /static/img/4.jpg HTTP/1.1[0m" 304 -
[2024-02-14 14:33:29,451] INFO in _internal: 127.0.0.1 - - [14/Feb/2024 14:33:29] "[36mGET /static/img/2.jpg HTTP/1.1[0m" 304 -
[2024-02-14 14:33:29,452] INFO in _internal: 127.0.0.1 - - [14/Feb/2024 14:33:29] "[36mGET /static/img/19.jpg HTTP/1.1[0m" 304 -
[2024-02-14 14:33:29,454] INFO in _internal: 127.0.0.1 - - [14/Feb/2024 14:33:29] "[36mGET /static/img/21.jpg HTTP/1.1[0m" 304 -
[2024-02-14 14:33:29,454] INFO in _internal: 127.0.0.1 - - [14/Feb/2024 14:33:29] "[36mGET /static/img/20.jpg HTTP/1.1[0m" 304 -
[2024-02-14 14:33:29,456] INFO in _internal: 127.0.0.1 - - [14/Feb/2024 14:33:29] "[36mGET /static/img/22.jpg HTTP/1.1[0m" 304 -
[2024-02-14 14:33:29,456] INFO in _internal: 127.0.0.1 - - [14/Feb/2024 14:33:29] "[36mGET /static/img/23.jpg HTTP/1.1[0m" 304 -
[2024-02-14 14:33:44,815] INFO in _internal: 127.0.0.1 - - [14/Feb/2024 14:33:44] "GET /escort HTTP/1.1" 200 -
[2024-02-14 14:33:44,832] INFO in _internal: 127.0.0.1 - - [14/Feb/2024 14:33:44] "[36mGET /static/css/escort.css HTTP/1.1[0m" 304 -
[2024-02-14 14:33:44,832] INFO in _internal: 127.0.0.1 - - [14/Feb/2024 14:33:44] "[36mGET /static/img/logo.png HTTP/1.1[0m" 304 -
[2024-02-14 14:33:44,833] INFO in _internal: 127.0.0.1 - - [14/Feb/2024 14:33:44] "[36mGET /static/img/area.png HTTP/1.1[0m" 304 -
[2024-02-14 14:33:44,839] INFO in _internal: 127.0.0.1 - - [14/Feb/2024 14:33:44] "GET /static/js/escort.js HTTP/1.1" 200 -
[2024-02-14 14:33:44,875] INFO in _internal: 127.0.0.1 - - [14/Feb/2024 14:33:44] "[36mGET /static/img/1.jpg HTTP/1.1[0m" 304 -
[2024-02-14 14:33:44,876] INFO in _internal: 127.0.0.1 - - [14/Feb/2024 14:33:44] "[36mGET /static/img/2.jpg HTTP/1.1[0m" 304 -
[2024-02-14 14:33:44,877] INFO in _internal: 127.0.0.1 - - [14/Feb/2024 14:33:44] "[36mGET /static/img/3.jpg HTTP/1.1[0m" 304 -
[2024-02-14 14:33:44,882] INFO in _internal: 127.0.0.1 - - [14/Feb/2024 14:33:44] "[36mGET /static/img/19.jpg HTTP/1.1[0m" 304 -
[2024-02-14 14:33:44,883] INFO in _internal: 127.0.0.1 - - [14/Feb/2024 14:33:44] "[36mGET /static/img/4.jpg HTTP/1.1[0m" 304 -
[2024-02-14 14:33:44,884] INFO in _internal: 127.0.0.1 - - [14/Feb/2024 14:33:44] "[36mGET /static/img/20.jpg HTTP/1.1[0m" 304 -
[2024-02-14 14:33:44,886] INFO in _internal: 127.0.0.1 - - [14/Feb/2024 14:33:44] "[36mGET /static/img/21.jpg HTTP/1.1[0m" 304 -
[2024-02-14 14:33:44,887] INFO in _internal: 127.0.0.1 - - [14/Feb/2024 14:33:44] "[36mGET /static/img/22.jpg HTTP/1.1[0m" 304 -
[2024-02-14 14:33:44,890] INFO in _internal: 127.0.0.1 - - [14/Feb/2024 14:33:44] "[36mGET /static/img/23.jpg HTTP/1.1[0m" 304 -
[2024-02-14 14:34:14,808] INFO in _internal: 127.0.0.1 - - [14/Feb/2024 14:34:14] "GET /escort HTTP/1.1" 200 -
[2024-02-14 14:34:14,816] INFO in _internal: 127.0.0.1 - - [14/Feb/2024 14:34:14] "[36mGET /static/css/escort.css HTTP/1.1[0m" 304 -
[2024-02-14 14:34:14,817] INFO in _internal: 127.0.0.1 - - [14/Feb/2024 14:34:14] "[36mGET /static/img/logo.png HTTP/1.1[0m" 304 -
[2024-02-14 14:34:14,818] INFO in _internal: 127.0.0.1 - - [14/Feb/2024 14:34:14] "[36mGET /static/img/area.png HTTP/1.1[0m" 304 -
[2024-02-14 14:34:14,821] INFO in _internal: 127.0.0.1 - - [14/Feb/2024 14:34:14] "GET /static/js/escort.js HTTP/1.1" 200 -
[2024-02-14 14:34:14,850] INFO in _internal: 127.0.0.1 - - [14/Feb/2024 14:34:14] "[36mGET /static/img/3.jpg HTTP/1.1[0m" 304 -
[2024-02-14 14:34:14,852] INFO in _internal: 127.0.0.1 - - [14/Feb/2024 14:34:14] "[36mGET /static/img/1.jpg HTTP/1.1[0m" 304 -
[2024-02-14 14:34:14,857] INFO in _internal: 127.0.0.1 - - [14/Feb/2024 14:34:14] "[36mGET /static/img/4.jpg HTTP/1.1[0m" 304 -
[2024-02-14 14:34:14,858] INFO in _internal: 127.0.0.1 - - [14/Feb/2024 14:34:14] "[36mGET /static/img/2.jpg HTTP/1.1[0m" 304 -
[2024-02-14 14:34:14,860] INFO in _internal: 127.0.0.1 - - [14/Feb/2024 14:34:14] "[36mGET /static/img/19.jpg HTTP/1.1[0m" 304 -
[2024-02-14 14:34:14,862] INFO in _internal: 127.0.0.1 - - [14/Feb/2024 14:34:14] "[36mGET /static/img/22.jpg HTTP/1.1[0m" 304 -
[2024-02-14 14:34:14,862] INFO in _internal: 127.0.0.1 - - [14/Feb/2024 14:34:14] "[36mGET /static/img/20.jpg HTTP/1.1[0m" 304 -
[2024-02-14 14:34:14,862] INFO in _internal: 127.0.0.1 - - [14/Feb/2024 14:34:14] "[36mGET /static/img/21.jpg HTTP/1.1[0m" 304 -
[2024-02-14 14:34:14,863] INFO in _internal: 127.0.0.1 - - [14/Feb/2024 14:34:14] "[36mGET /static/img/23.jpg HTTP/1.1[0m" 304 -
[2024-02-14 14:34:21,410] INFO in _internal: 127.0.0.1 - - [14/Feb/2024 14:34:21] "GET /escort HTTP/1.1" 200 -
[2024-02-14 14:34:21,422] INFO in _internal: 127.0.0.1 - - [14/Feb/2024 14:34:21] "[36mGET /static/img/logo.png HTTP/1.1[0m" 304 -
[2024-02-14 14:34:21,422] INFO in _internal: 127.0.0.1 - - [14/Feb/2024 14:34:21] "[36mGET /static/css/escort.css HTTP/1.1[0m" 304 -
[2024-02-14 14:34:21,424] INFO in _internal: 127.0.0.1 - - [14/Feb/2024 14:34:21] "[36mGET /static/img/area.png HTTP/1.1[0m" 304 -
[2024-02-14 14:34:21,426] INFO in _internal: 127.0.0.1 - - [14/Feb/2024 14:34:21] "[36mGET /static/js/escort.js HTTP/1.1[0m" 304 -
[2024-02-14 14:34:21,472] INFO in _internal: 127.0.0.1 - - [14/Feb/2024 14:34:21] "[36mGET /static/img/3.jpg HTTP/1.1[0m" 304 -
[2024-02-14 14:34:21,473] INFO in _internal: 127.0.0.1 - - [14/Feb/2024 14:34:21] "[36mGET /static/img/2.jpg HTTP/1.1[0m" 304 -
[2024-02-14 14:34:21,474] INFO in _internal: 127.0.0.1 - - [14/Feb/2024 14:34:21] "[36mGET /static/img/1.jpg HTTP/1.1[0m" 304 -
[2024-02-14 14:34:21,474] INFO in _internal: 127.0.0.1 - - [14/Feb/2024 14:34:21] "[36mGET /static/img/4.jpg HTTP/1.1[0m" 304 -
[2024-02-14 14:34:21,476] INFO in _internal: 127.0.0.1 - - [14/Feb/2024 14:34:21] "[36mGET /static/img/19.jpg HTTP/1.1[0m" 304 -
[2024-02-14 14:34:21,478] INFO in _internal: 127.0.0.1 - - [14/Feb/2024 14:34:21] "[36mGET /static/img/20.jpg HTTP/1.1[0m" 304 -
[2024-02-14 14:34:21,479] INFO in _internal: 127.0.0.1 - - [14/Feb/2024 14:34:21] "[36mGET /static/img/22.jpg HTTP/1.1[0m" 304 -
[2024-02-14 14:34:21,480] INFO in _internal: 127.0.0.1 - - [14/Feb/2024 14:34:21] "[36mGET /static/img/21.jpg HTTP/1.1[0m" 304 -
[2024-02-14 14:34:21,481] INFO in _internal: 127.0.0.1 - - [14/Feb/2024 14:34:21] "[36mGET /static/img/23.jpg HTTP/1.1[0m" 304 -
[2024-02-14 14:34:42,942] INFO in _internal: 127.0.0.1 - - [14/Feb/2024 14:34:42] "GET /escort HTTP/1.1" 200 -
[2024-02-14 14:34:42,952] INFO in _internal: 127.0.0.1 - - [14/Feb/2024 14:34:42] "[36mGET /static/css/escort.css HTTP/1.1[0m" 304 -
[2024-02-14 14:34:42,954] INFO in _internal: 127.0.0.1 - - [14/Feb/2024 14:34:42] "[36mGET /static/img/area.png HTTP/1.1[0m" 304 -
[2024-02-14 14:34:42,955] INFO in _internal: 127.0.0.1 - - [14/Feb/2024 14:34:42] "[36mGET /static/img/logo.png HTTP/1.1[0m" 304 -
[2024-02-14 14:34:42,957] INFO in _internal: 127.0.0.1 - - [14/Feb/2024 14:34:42] "GET /static/js/escort.js HTTP/1.1" 200 -
[2024-02-14 14:34:43,002] INFO in _internal: 127.0.0.1 - - [14/Feb/2024 14:34:43] "[36mGET /static/img/2.jpg HTTP/1.1[0m" 304 -
[2024-02-14 14:34:43,003] INFO in _internal: 127.0.0.1 - - [14/Feb/2024 14:34:43] "[36mGET /static/img/1.jpg HTTP/1.1[0m" 304 -
[2024-02-14 14:34:43,005] INFO in _internal: 127.0.0.1 - - [14/Feb/2024 14:34:43] "[36mGET /static/img/3.jpg HTTP/1.1[0m" 304 -
[2024-02-14 14:34:43,009] INFO in _internal: 127.0.0.1 - - [14/Feb/2024 14:34:43] "[36mGET /static/img/19.jpg HTTP/1.1[0m" 304 -
[2024-02-14 14:34:43,011] INFO in _internal: 127.0.0.1 - - [14/Feb/2024 14:34:43] "[36mGET /static/img/20.jpg HTTP/1.1[0m" 304 -
[2024-02-14 14:34:43,011] INFO in _internal: 127.0.0.1 - - [14/Feb/2024 14:34:43] "[36mGET /static/img/4.jpg HTTP/1.1[0m" 304 -
[2024-02-14 14:34:43,011] INFO in _internal: 127.0.0.1 - - [14/Feb/2024 14:34:43] "[36mGET /static/img/22.jpg HTTP/1.1[0m" 304 -
[2024-02-14 14:34:43,011] INFO in _internal: 127.0.0.1 - - [14/Feb/2024 14:34:43] "[36mGET /static/img/21.jpg HTTP/1.1[0m" 304 -
[2024-02-14 14:34:43,012] INFO in _internal: 127.0.0.1 - - [14/Feb/2024 14:34:43] "[36mGET /static/img/23.jpg HTTP/1.1[0m" 304 -
[2024-02-14 14:34:53,082] INFO in _internal: 127.0.0.1 - - [14/Feb/2024 14:34:53] "GET /escort HTTP/1.1" 200 -
[2024-02-14 14:34:53,098] INFO in _internal: 127.0.0.1 - - [14/Feb/2024 14:34:53] "[36mGET /static/img/logo.png HTTP/1.1[0m" 304 -
[2024-02-14 14:34:53,099] INFO in _internal: 127.0.0.1 - - [14/Feb/2024 14:34:53] "[36mGET /static/img/area.png HTTP/1.1[0m" 304 -
[2024-02-14 14:34:53,099] INFO in _internal: 127.0.0.1 - - [14/Feb/2024 14:34:53] "[36mGET /static/css/escort.css HTTP/1.1[0m" 304 -
[2024-02-14 14:34:53,105] INFO in _internal: 127.0.0.1 - - [14/Feb/2024 14:34:53] "[36mGET /static/js/escort.js HTTP/1.1[0m" 304 -
[2024-02-14 14:34:53,142] INFO in _internal: 127.0.0.1 - - [14/Feb/2024 14:34:53] "[36mGET /static/img/1.jpg HTTP/1.1[0m" 304 -
[2024-02-14 14:34:53,143] INFO in _internal: 127.0.0.1 - - [14/Feb/2024 14:34:53] "[36mGET /static/img/2.jpg HTTP/1.1[0m" 304 -
[2024-02-14 14:34:53,144] INFO in _internal: 127.0.0.1 - - [14/Feb/2024 14:34:53] "[36mGET /static/img/3.jpg HTTP/1.1[0m" 304 -
[2024-02-14 14:34:53,147] INFO in _internal: 127.0.0.1 - - [14/Feb/2024 14:34:53] "[36mGET /static/img/19.jpg HTTP/1.1[0m" 304 -
[2024-02-14 14:34:53,148] INFO in _internal: 127.0.0.1 - - [14/Feb/2024 14:34:53] "[36mGET /static/img/4.jpg HTTP/1.1[0m" 304 -
[2024-02-14 14:34:53,150] INFO in _internal: 127.0.0.1 - - [14/Feb/2024 14:34:53] "[36mGET /static/img/20.jpg HTTP/1.1[0m" 304 -
[2024-02-14 14:34:53,153] INFO in _internal: 127.0.0.1 - - [14/Feb/2024 14:34:53] "[36mGET /static/img/21.jpg HTTP/1.1[0m" 304 -
[2024-02-14 14:34:53,155] INFO in _internal: 127.0.0.1 - - [14/Feb/2024 14:34:53] "[36mGET /static/img/22.jpg HTTP/1.1[0m" 304 -
[2024-02-14 14:34:53,158] INFO in _internal: 127.0.0.1 - - [14/Feb/2024 14:34:53] "[36mGET /static/img/23.jpg HTTP/1.1[0m" 304 -
[2024-02-14 14:35:00,696] INFO in _internal: 127.0.0.1 - - [14/Feb/2024 14:35:00] "GET /escort HTTP/1.1" 200 -
[2024-02-14 14:35:00,706] INFO in _internal: 127.0.0.1 - - [14/Feb/2024 14:35:00] "[36mGET /static/css/escort.css HTTP/1.1[0m" 304 -
[2024-02-14 14:35:00,707] INFO in _internal: 127.0.0.1 - - [14/Feb/2024 14:35:00] "[36mGET /static/img/logo.png HTTP/1.1[0m" 304 -
[2024-02-14 14:35:00,709] INFO in _internal: 127.0.0.1 - - [14/Feb/2024 14:35:00] "[36mGET /static/img/area.png HTTP/1.1[0m" 304 -
[2024-02-14 14:35:00,711] INFO in _internal: 127.0.0.1 - - [14/Feb/2024 14:35:00] "GET /static/js/escort.js HTTP/1.1" 200 -
[2024-02-14 14:35:00,764] INFO in _internal: 127.0.0.1 - - [14/Feb/2024 14:35:00] "[36mGET /static/img/1.jpg HTTP/1.1[0m" 304 -
[2024-02-14 14:35:00,767] INFO in _internal: 127.0.0.1 - - [14/Feb/2024 14:35:00] "[36mGET /static/img/4.jpg HTTP/1.1[0m" 304 -
[2024-02-14 14:35:00,767] INFO in _internal: 127.0.0.1 - - [14/Feb/2024 14:35:00] "[36mGET /static/img/2.jpg HTTP/1.1[0m" 304 -
[2024-02-14 14:35:00,768] INFO in _internal: 127.0.0.1 - - [14/Feb/2024 14:35:00] "[36mGET /static/img/3.jpg HTTP/1.1[0m" 304 -
[2024-02-14 14:35:00,769] INFO in _internal: 127.0.0.1 - - [14/Feb/2024 14:35:00] "[36mGET /static/img/20.jpg HTTP/1.1[0m" 304 -
[2024-02-14 14:35:00,770] INFO in _internal: 127.0.0.1 - - [14/Feb/2024 14:35:00] "[36mGET /static/img/19.jpg HTTP/1.1[0m" 304 -
[2024-02-14 14:35:00,771] INFO in _internal: 127.0.0.1 - - [14/Feb/2024 14:35:00] "[36mGET /static/img/22.jpg HTTP/1.1[0m" 304 -
[2024-02-14 14:35:00,772] INFO in _internal: 127.0.0.1 - - [14/Feb/2024 14:35:00] "[36mGET /static/img/23.jpg HTTP/1.1[0m" 304 -
[2024-02-14 14:35:00,773] INFO in _internal: 127.0.0.1 - - [14/Feb/2024 14:35:00] "[36mGET /static/img/21.jpg HTTP/1.1[0m" 304 -
[2024-02-14 14:35:04,214] INFO in _internal: 127.0.0.1 - - [14/Feb/2024 14:35:04] "GET /escort HTTP/1.1" 200 -
[2024-02-14 14:35:04,230] INFO in _internal: 127.0.0.1 - - [14/Feb/2024 14:35:04] "[36mGET /static/css/escort.css HTTP/1.1[0m" 304 -
[2024-02-14 14:35:04,231] INFO in _internal: 127.0.0.1 - - [14/Feb/2024 14:35:04] "[36mGET /static/img/logo.png HTTP/1.1[0m" 304 -
[2024-02-14 14:35:04,232] INFO in _internal: 127.0.0.1 - - [14/Feb/2024 14:35:04] "[36mGET /static/img/area.png HTTP/1.1[0m" 304 -
[2024-02-14 14:35:04,236] INFO in _internal: 127.0.0.1 - - [14/Feb/2024 14:35:04] "[36mGET /static/js/escort.js HTTP/1.1[0m" 304 -
[2024-02-14 14:35:04,271] INFO in _internal: 127.0.0.1 - - [14/Feb/2024 14:35:04] "[36mGET /static/img/1.jpg HTTP/1.1[0m" 304 -
[2024-02-14 14:35:04,277] INFO in _internal: 127.0.0.1 - - [14/Feb/2024 14:35:04] "[36mGET /static/img/2.jpg HTTP/1.1[0m" 304 -
[2024-02-14 14:35:04,277] INFO in _internal: 127.0.0.1 - - [14/Feb/2024 14:35:04] "[36mGET /static/img/4.jpg HTTP/1.1[0m" 304 -
[2024-02-14 14:35:04,278] INFO in _internal: 127.0.0.1 - - [14/Feb/2024 14:35:04] "[36mGET /static/img/19.jpg HTTP/1.1[0m" 304 -
[2024-02-14 14:35:04,281] INFO in _internal: 127.0.0.1 - - [14/Feb/2024 14:35:04] "[36mGET /static/img/3.jpg HTTP/1.1[0m" 304 -
[2024-02-14 14:35:04,283] INFO in _internal: 127.0.0.1 - - [14/Feb/2024 14:35:04] "[36mGET /static/img/21.jpg HTTP/1.1[0m" 304 -
[2024-02-14 14:35:04,283] INFO in _internal: 127.0.0.1 - - [14/Feb/2024 14:35:04] "[36mGET /static/img/20.jpg HTTP/1.1[0m" 304 -
[2024-02-14 14:35:04,285] INFO in _internal: 127.0.0.1 - - [14/Feb/2024 14:35:04] "[36mGET /static/img/22.jpg HTTP/1.1[0m" 304 -
[2024-02-14 14:35:04,289] INFO in _internal: 127.0.0.1 - - [14/Feb/2024 14:35:04] "[36mGET /static/img/23.jpg HTTP/1.1[0m" 304 -
